sample	contig	locus	feature	start	end	length	strand	attributes	sequence_id	sequence
sample1	sample1_pim	sample1_SAMPL01_pim	CDS	1	426	426	+	ID=SAMPL01_pim;Name=pesticin immunity protein;locus_tag=SAMPL01_pim;product=pesticin immunity protein;Dbxref=CDD:435570;gene=pim	sample1_SAMPL01_pim.1	ATGATCTCAAAGTTATTTTGCTTGGCTCTCATATTTTTATCATCAAGTGGCCTTGCAGAAAAAAACACATATACAGCAAAAGACATCTTGCAAAACCTAGAATTAAATACCTTTGGCAATTCATTGTCTCATGGCATCTATGGGAAACAGACAACCTTCAAGCAAACCGAGTTTACAAATATTAAAAGCAACACCAAAAAACACATTGCACTTATCAATAAAGACAACTCATGGATGATATCATTAAAAATACTAGGAATTAAGAGAGATGAGTATACTGTCTGTTTTGAAGATTTCTCTCTAATAAGACCGCCAACATATGTAGCCATACATCCTCTACTTATAAAAAAAGTAAAATCTGGAAACTTTATAGTAGTGAAAGAAATAAAGAAATCTATCCCTGGTTGCACTGTATATTATCATTAA
sample1	sample1_speB	sample1_SAMPL01_speB	CDS	1	137	137	+	ID=SAMPL01_speB;Name=Exotoxin SpeB;locus_tag=SAMPL01_speB;product=Exotoxin SpeB;gene=speB	sample1_SAMPL01_speB.1	ATGAATAAAAAGAAATTAGGTATCAGATTATTAAGTCTTTTAGCATTAGGTGGATTTGTTCTTGCTAACCCAGTATTTGCCGATCAAAACTTTGCTCGTAACGAAAAAGAAGCAAAAGATAGCGCTATCACATTTAA
sample	contig	locus	feature	start	end	length	strand	attributes	sequence_id	sequence
sample2	sample1_pim	sample1_SAMPL01_pim	CDS	1	426	426	+	ID=SAMPL01_pim;Name=pesticin immunity protein;locus_tag=SAMPL01_pim;product=pesticin immunity protein;Dbxref=CDD:435570;gene=pim	sample1_SAMPL01_pim.2	ATGATCTCAAAGTTATTTTGCTTGGCTCTCATATTTTTATCATCAAGTGGCCTTGCAGAAAAAAACACATATACAGCAAAAGACATCTTGCAAAACCTAGAATTAAATACCTTTGGCAATTCATTGTCTCATGGCATCTATGGGAAACAGACAACCTTCAAGCAAACCGAGTTTACAAATATTAAAAGCAACACCAAAAAACACATTGCACTTATCAATAAAGACAACTCATGGATGATATCATTAAAAATACTAGGAATTAAGAGAGATGAGTATACTGTCTGTTTTGAAGATTTCTCTCTAATAAGACCGCCAACATATGTAGCCATACATCCTCTACTTATAAAAAAAGTAAAATCTGGAAACTTTATAGTAGTGAAAGAAATAAAGAAATCTATCCCTGGTTGCACTGTATATTATCATTAA
sample2	sample1_speB	sample1_SAMPL01_speB	CDS	1	137	137	+	ID=SAMPL01_speB;Name=Exotoxin SpeB;locus_tag=SAMPL01_speB;product=Exotoxin SpeB;gene=speB	sample1_SAMPL01_speB.2	ATGAATAAAAAGAAATTAGGTATCAGATTATTAAGTCTTTTAGCATTAGGTGGATTTGTTCTTGCTAACCCAGTATTTGCCGATCAAAACTTTGCTCGTAACGAAAAAGAAGCAAAAGATAGCGCTATCACATTTAA
