sample	contig	locus	feature	start	end	length	strand	upstream	downstream	attributes	sequence_id	sequence
sample1	sample1_pim	sample1_pim	CDS	1	426	426	+	sample1_pim_TERMINAL	sample1_pim_TERMINAL	ID=pim;Name=pesticin immunity protein;locus_tag=pim;product=pesticin immunity protein;Dbxref=CDD:435570;gene=pim	sample1_pim	ATGATCTCAAAGTTATTTTGCTTGGCTCTCATATTTTTATCATCAAGTGGCCTTGCAGAAAAAAACACATATACAGCAAAAGACATCTTGCAAAACCTAGAATTAAATACCTTTGGCAATTCATTGTCTCATGGCATCTATGGGAAACAGACAACCTTCAAGCAAACCGAGTTTACAAATATTAAAAGCAACACCAAAAAACACATTGCACTTATCAATAAAGACAACTCATGGATGATATCATTAAAAATACTAGGAATTAAGAGAGATGAGTATACTGTCTGTTTTGAAGATTTCTCTCTAATAAGACCGCCAACATATGTAGCCATACATCCTCTACTTATAAAAAAAGTAAAATCTGGAAACTTTATAGTAGTGAAAGAAATAAAGAAATCTATCCCTGGTTGCACTGTATATTATCATTAA
