ZN54cFg89Cbvnj6eIKZBJA==
c3hErPyFecHE5OhAPudGFQ==
c3hErPyFecHE5OhAPudGFQ==
c3hErPyFecHE5OhAPudGFQ==
c3hErPyFecHE5OhAPudGFQ==
c3hErPyFecHE5OhAPudGFQ==
c3hErPyFecHE5OhAPudGFQ==
c3hErPyFecHE5OhAPudGFQ==
c3hErPyFecHE5OhAPudGFQ==
c3hErPyFecHE5OhAPudGFQ==
gprdySKlB6A2lksms5wtig==
gprdySKlB6A2lksms5wtig==
gprdySKlB6A2lksms5wtig==
gprdySKlB6A2lksms5wtig==
gprdySKlB6A2lksms5wtig==
h/c/93zRz6wlUWPGoTJdQA==
pBDlHf0CyMucoRgDkU8Gig==
pBDlHf0CyMucoRgDkU8Gig==
pBDlHf0CyMucoRgDkU8Gig==
pBDlHf0CyMucoRgDkU8Gig==
pBDlHf0CyMucoRgDkU8Gig==
pBDlHf0CyMucoRgDkU8Gig==
pBDlHf0CyMucoRgDkU8Gig==
pBDlHf0CyMucoRgDkU8Gig==
pBDlHf0CyMucoRgDkU8Gig==
s5rG4qp+N1w4unrpIbW6iQ==
s5rG4qp+N1w4unrpIbW6iQ==
s5rG4qp+N1w4unrpIbW6iQ==
s5rG4qp+N1w4unrpIbW6iQ==
sW+ZPVWJHqR8FpNUmfWgIA==
sW+ZPVWJHqR8FpNUmfWgIA==
