variant	af	filter-pvalue	lrt-pvalue	beta	beta-std-err	variant_h2	lineage	notes	-log10(p)	bonferroni	match	mismatch	score	cluster	cluster_id	synteny	synteny_pos	num_samples	num_samples_non_fragmented	num_sequences	mean_sequences_per_sample	representative	upstream	downstream	upstream_alt	downstream_alt	feature	feature_alt	strand	strand_alt	gene	gene_alt	product	product_alt	name	name_alt	dbxref	dbxref_alt	sample1	sample2	sample3	sample4
speM|presence_absence	5.00E-01	4.55E-02	0.00E+00	1.00E+00	0.00E+00	1.00E+00	2	bad-chisq	100.0	0.0071428571428571435	4/4|1.0	0/4|0.0	1.0	speM	Cluster_35	25	1	2	1	2	1.0	sample4_speM	TERMINAL	TERMINAL			CDS		-		speM		Exotoxin SpeM		Exotoxin SpeM		RefSeq:WP_038431384.1		0	0	1	1
speB|structural:1-137	5.00E-01	4.55E-02	0.00E+00	-1.00E+00	0.00E+00	1.00E+00	2	bad-chisq	100.0	0.0071428571428571435	4/4|1.0	0/4|0.0	1.0	speB	Cluster_5	10	1	4	2	6	1.5	sample1_speB	TERMINAL	TERMINAL			CDS		+	-	speB		Exotoxin SpeB		Exotoxin SpeB				1	1	0	0
speB|structural:1-93	5.00E-01	4.55E-02	0.00E+00	1.00E+00	0.00E+00	1.00E+00	2	bad-chisq	100.0	0.0071428571428571435	4/4|1.0	0/4|0.0	1.0	speB	Cluster_5	10	1	4	2	6	1.5	sample1_speB	TERMINAL	TERMINAL			CDS		+	-	speB		Exotoxin SpeB		Exotoxin SpeB				0	0	1	1
speB|structural:94-137	5.00E-01	4.55E-02	0.00E+00	1.00E+00	0.00E+00	1.00E+00	2	bad-chisq	100.0	0.0071428571428571435	4/4|1.0	0/4|0.0	1.0	speB	Cluster_5	10	1	4	2	6	1.5	sample1_speB	TERMINAL	TERMINAL			CDS		+	-	speB		Exotoxin SpeB		Exotoxin SpeB				0	0	1	1
speB|snp:G93T	5.00E-01	4.55E-02	0.00E+00	-1.00E+00	0.00E+00	1.00E+00	2	bad-chisq	100.0	0.0071428571428571435	4/4|1.0	0/4|0.0	1.0	speB	Cluster_5	10	1	4	2	6	1.5	sample1_speB	TERMINAL	TERMINAL			CDS		+	-	speB		Exotoxin SpeB		Exotoxin SpeB				1	1	0	0
