	sample1	sample2	sample3	sample4
sample1	0.00088244	0.0	0.0	0.0
sample2	0.0	0.00678491	0.00463734	0.00088244
sample3	0.0	0.00463734	0.00529366	0.00088244
sample4	0.0	0.00088244	0.00088244	0.00210153
