cluster	cluster_id	synteny	synteny_pos	num_samples	num_samples_non_fragmented	num_sequences	mean_sequences_per_sample	representative	upstream	downstream	upstream_alt	downstream_alt	feature	feature_alt	strand	strand_alt	gene	gene_alt	product	product_alt	name	name_alt	dbxref	dbxref_alt	sample1
gene1	Cluster_1	1	1	1	1	1	1.0	1	TERMINAL	gene2			CDS		+		gene1								1
gene2	Cluster_2	1	2	1	1	1	1.0	2	gene1	gene3		2.5	CDS		+		gene2								2
gene3	Cluster_3	1	3	1	1	1	1.0	3	gene2	TERMINAL	2.5		CDS		+		gene3								3
