Gene,Non-unique Gene name,Annotation,No. isolates,No. sequences,Avg sequences per isolate,Genome Fragment,Order within Fragment,Accessory Fragment,Accessory Order with Fragment,QC,sample1
gene1,Cluster_1,,1,1,1.0,1,1,,,,1
gene2,Cluster_2,,1,1,1.0,1,2,,,,1
gene3,Cluster_3,,1,1,1.0,1,3,,,,1
