sample	contig	locus	feature	start	end	length	strand	upstream	downstream	attributes	sequence_id	sequence
duplicate_locus	sample2_pesticin	duplicate_locus_SAMPL02_00005.1	CDS	1	231	231	+	sample2_pesticin_TERMINAL	duplicate_locus_SAMPL02_00005.1__duplicate_locus_SAMPL02_00005.2	ID=SAMPL02_00005;Name=pesticin immunity protein A;locus_tag=SAMPL02_00005;product=pesticin immunity protein A;Dbxref=CDD:435570;gene=PimA	duplicate_locus_SAMPL02_00005.1	ATGATCTCAAAGTTATTTTGCTTGGCTCTCATATTTTTATCATCAAGTGGCCTTGCAGAAAAAAACACATATACAGCAAAAGACATCTTGCAAAACCTAGAATTAAATACCTTTGGCAATTCATTGTCTCATGGCATCTATGGGAAACAGACAACCTTCAAGCAAACCGAGTTTACAAATATTAAAAGCAACACCAAAAAACACATTGCACTTATCAATAAAGACAACTGA
duplicate_locus	sample2_pesticin	duplicate_locus_SAMPL02_00005.1__duplicate_locus_SAMPL02_00005.2	unannotated	232	307	76	+	duplicate_locus_SAMPL02_00005.1	duplicate_locus_SAMPL02_00005.2		duplicate_locus_SAMPL02_00005.1__duplicate_locus_SAMPL02_00005.2	TGGCACGATGATATCATTAAAAATACTAGGAATTAAGAGAGATGAGTATACTGTCTGTTTTGAAGATTTCTCTCTA
duplicate_locus	sample2_pesticin	duplicate_locus_SAMPL02_00005.2	CDS	308	394	87	+	duplicate_locus_SAMPL02_00005.1__duplicate_locus_SAMPL02_00005.2	duplicate_locus_SAMPL02_00050	ID=SAMPL02_00005;Name=pesticin immunity protein B;locus_tag=SAMPL02_00010;product=pesticin immunity protein B;Dbxref=CDD:435570;gene=PimB	duplicate_locus_SAMPL02_00005.2	ATGAGACCGCCAACATATGTAGCCATACATCCTCTACTTATAAAAAAAGTAAAATCTGGAAACTTTATAGTAGTGAAAGAAATATAG
duplicate_locus	sample2_pesticin	duplicate_locus_SAMPL02_00050	CDS	395	428	34	+	duplicate_locus_SAMPL02_00005.2		ID=SAMPL02_00050;Name=pesticin immunity protein B;locus_tag=SAMPL02_00050;product=pesticin immunity protein B;Dbxref=CDD:435570;gene=PimB	duplicate_locus_SAMPL02_00050	AAATCTATCCCTGGTTGCACTGTATATTATCATT
