sample	contig	locus	feature	start	end	length	strand	upstream	downstream	attributes	sequence_id	sequence
sample1	sample1_pim	sample1_pim	CDS	1	426	426	+	sample1_pim_TERMINAL	sample1_pim_TERMINAL	ID=pim;Name=pesticin immunity protein;locus_tag=pim;product=pesticin immunity protein;Dbxref=CDD:435570;gene=pim	sample1_pim	ATGATCTCAAAGTTATTTTGCTTGGCTCTCATATTTTTATCATCAAGTGGCCTTGCAGAAAAAAACACATATACAGCAAAAGACATCTTGCAAAACCTAGAATTAAATACCTTTGGCAATTCATTGTCTCATGGCATCTATGGGAAACAGACAACCTTCAAGCAAACCGAGTTTACAAATATTAAAAGCAACACCAAAAAACACATTGCACTTATCAATAAAGACAACTCATGGATGATATCATTAAAAATACTAGGAATTAAGAGAGATGAGTATACTGTCTGTTTTGAAGATTTCTCTCTAATAAGACCGCCAACATATGTAGCCATACATCCTCTACTTATAAAAAAAGTAAAATCTGGAAACTTTATAGTAGTGAAAGAAATAAAGAAATCTATCCCTGGTTGCACTGTATATTATCATTAA
sample1	sample1_speB	sample1_speB	CDS	1	137	137	+	sample1_speB_TERMINAL	sample1_speB_TERMINAL	ID=speB;Name=Exotoxin SpeB;locus_tag=speB;product=Exotoxin SpeB;gene=speB	sample1_speB	ATGAATAAAAAGAAATTAGGTATCAGATTATTAAGTCTTTTAGCATTAGGTGGATTTGTTCTTGCTAACCCAGTATTTGCCGATCAAAACTTTGCTCGTAACGAAAAAGAAGCAAAAGATAGCGCTATCACATTTAA
sample1	sample1_speG	sample1_speG	CDS	1	280	280	+	sample1_speG_TERMINAL	sample1_speG_TERMINAL	ID=speG;Name=Exotoxin SpeG;locus_tag=speG;product=Exotoxin SpeG;gene=speG	sample1_speG	ATGCCAAGCGCCCACAGTGTTAAGCTACGCCCGCTGGAGCGTGAAGATTTACGCTATGTACATCAACTCGACAATAACGCCAGTGTGATGCGTTACTGGTTTGAGGAACCCTACGAAGCCTTTGTTGAACTCTCTGATCTGTATGATAAGCATATTCACGATCAGAGCGAACGGCGCTTTGTGGTGGAATGTGACGGCGAAAAAGCCGGTCTGGTGGAGCTGGTGGAAATTAACCATGTTCATCGCCGCGCAGAATTTCAGATAATTATCTCCCCGGAGT
