variant	af	filter-pvalue	lrt-pvalue	beta	beta-std-err	variant_h2	notes	-log10(p)	bonferroni	match	mismatch	score	cluster	cluster_id	synteny	synteny_pos	num_samples	num_samples_non_fragmented	num_sequences	mean_sequences_per_sample	representative	upstream	downstream	upstream_alt	downstream_alt	feature	feature_alt	strand	strand_alt	gene	gene_alt	product	product_alt	name	name_alt	dbxref	dbxref_alt	sample1	sample2	sample3
