	sample1	sample2	sample3
sample1	0.00383368	0.0	0.0
sample2	0.0	0.00383368	0.0016861
sample3	0.0	0.0016861	0.00234243
