5KcBSqmF29YbH5LacElAww==
5KcBSqmF29YbH5LacElAww==
5KcBSqmF29YbH5LacElAww==
5KcBSqmF29YbH5LacElAww==
5KcBSqmF29YbH5LacElAww==
5KcBSqmF29YbH5LacElAww==
5KcBSqmF29YbH5LacElAww==
8EPrixqwqWGK0dxToA11ng==
8EPrixqwqWGK0dxToA11ng==
8EPrixqwqWGK0dxToA11ng==
8EPrixqwqWGK0dxToA11ng==
8EPrixqwqWGK0dxToA11ng==
8EPrixqwqWGK0dxToA11ng==
8EPrixqwqWGK0dxToA11ng==
8EPrixqwqWGK0dxToA11ng==
8EPrixqwqWGK0dxToA11ng==
8UgUIZwG1aT/le7/mnjDAw==
8UgUIZwG1aT/le7/mnjDAw==
8UgUIZwG1aT/le7/mnjDAw==
8UgUIZwG1aT/le7/mnjDAw==
8UgUIZwG1aT/le7/mnjDAw==
8UgUIZwG1aT/le7/mnjDAw==
8UgUIZwG1aT/le7/mnjDAw==
8UgUIZwG1aT/le7/mnjDAw==
8UgUIZwG1aT/le7/mnjDAw==
95vwXDxiUUSlXr0wCqgijA==
ENRB6cLCIB98hCvuR5U9jg==
ENRB6cLCIB98hCvuR5U9jg==
OCQWwtsf6gt8XFpz85FfrQ==
OCQWwtsf6gt8XFpz85FfrQ==
OCQWwtsf6gt8XFpz85FfrQ==
OCQWwtsf6gt8XFpz85FfrQ==
