variant	af	filter-pvalue	lrt-pvalue	beta	beta-std-err	variant_h2	notes	-log10(p)	bonferroni	match	mismatch	score	cluster	cluster_id	synteny	synteny_pos	num_samples	num_samples_non_fragmented	num_sequences	mean_sequences_per_sample	representative	upstream	downstream	upstream_alt	downstream_alt	feature	feature_alt	strand	strand_alt	gene	gene_alt	product	product_alt	name	name_alt	dbxref	dbxref_alt	sample1	sample2	sample3
TERMINAL__IGR_start_CDS|structural:7-78	3.33E-01	8.33E-02	0.00E+00	1.00E+00	0.00E+00	1.00E+00	bad-chisq	100.0	0.008333333333333333	3/3|1.0	0/3|0.0	1.0	TERMINAL__IGR_start_CDS	Cluster_29	7	1	4	4	5	1.2	sample4_IGR_start_TERMINAL__sample4_IGR_start_CDS	TERMINAL	IGR_start_CDS			unannotated		+	-									0	1	0
IGR_start_CDS|structural:1-21|2X	3.33E-01	8.33E-02	0.00E+00	1.00E+00	0.00E+00	1.00E+00	bad-chisq	100.0	0.008333333333333333	3/3|1.0	0/3|0.0	1.0	IGR_start_CDS	Cluster_28	7	2	4	4	5	1.2	sample4_IGR_start_CDS	Cluster_29	TERMINAL			CDS		+	-	IGR_start_CDS		Fragmented protein 1		Fragmented protein 1				0	1	0
pim|structural:1-426	6.67E-01	8.33E-02	0.00E+00	-1.00E+00	0.00E+00	1.00E+00	bad-chisq	100.0	0.008333333333333333	3/3|1.0	0/3|0.0	1.0	pim	Cluster_4	9	1	4	3	7	1.8	sample1_pim	TERMINAL	TERMINAL			CDS		+		pim		pesticin immunity protein		pesticin immunity protein		CDD:435570		1	0	1
pim|structural:1-231	3.33E-01	8.33E-02	0.00E+00	1.00E+00	0.00E+00	1.00E+00	bad-chisq	100.0	0.008333333333333333	3/3|1.0	0/3|0.0	1.0	pim	Cluster_4	9	1	4	3	7	1.8	sample1_pim	TERMINAL	TERMINAL			CDS		+		pim		pesticin immunity protein		pesticin immunity protein		CDD:435570		0	1	0
pim|structural:234-303	3.33E-01	8.33E-02	0.00E+00	1.00E+00	0.00E+00	1.00E+00	bad-chisq	100.0	0.008333333333333333	3/3|1.0	0/3|0.0	1.0	pim	Cluster_4	9	1	4	3	7	1.8	sample1_pim	TERMINAL	TERMINAL			CDS		+		pim		pesticin immunity protein		pesticin immunity protein		CDD:435570		0	1	0
pim|structural:304-390	3.33E-01	8.33E-02	0.00E+00	1.00E+00	0.00E+00	1.00E+00	bad-chisq	100.0	0.008333333333333333	3/3|1.0	0/3|0.0	1.0	pim	Cluster_4	9	1	4	3	7	1.8	sample1_pim	TERMINAL	TERMINAL			CDS		+		pim		pesticin immunity protein		pesticin immunity protein		CDD:435570		0	1	0
pim|structural:391-424	3.33E-01	8.33E-02	0.00E+00	1.00E+00	0.00E+00	1.00E+00	bad-chisq	100.0	0.008333333333333333	3/3|1.0	0/3|0.0	1.0	pim	Cluster_4	9	1	4	3	7	1.8	sample1_pim	TERMINAL	TERMINAL			CDS		+		pim		pesticin immunity protein		pesticin immunity protein		CDD:435570		0	1	0
pim|snp:C230G	3.33E-01	8.33E-02	0.00E+00	1.00E+00	0.00E+00	1.00E+00	bad-chisq	100.0	0.008333333333333333	3/3|1.0	0/3|0.0	1.0	pim	Cluster_4	9	1	4	3	7	1.8	sample1_pim	TERMINAL	TERMINAL			CDS		+		pim		pesticin immunity protein		pesticin immunity protein		CDD:435570		0	1	0
pim|snp:A306G	3.33E-01	8.33E-02	0.00E+00	1.00E+00	0.00E+00	1.00E+00	bad-chisq	100.0	0.008333333333333333	3/3|1.0	0/3|0.0	1.0	pim	Cluster_4	9	1	4	3	7	1.8	sample1_pim	TERMINAL	TERMINAL			CDS		+		pim		pesticin immunity protein		pesticin immunity protein		CDD:435570		0	1	0
pim|snp:A388T	3.33E-01	8.33E-02	0.00E+00	1.00E+00	0.00E+00	1.00E+00	bad-chisq	100.0	0.008333333333333333	3/3|1.0	0/3|0.0	1.0	pim	Cluster_4	9	1	4	3	7	1.8	sample1_pim	TERMINAL	TERMINAL			CDS		+		pim		pesticin immunity protein		pesticin immunity protein		CDD:435570		0	1	0
speB|structural:1-137	6.67E-01	3.86E-01	6.67E-01	5.00E-01	8.66E-01	5.00E-01	bad-chisq	0.175874166083451	0.008333333333333333	2/3|0.67	1/3|0.33	0.33	speB	Cluster_5	10	1	4	2	6	1.5	sample1_speB	TERMINAL	TERMINAL			CDS		+	-	speB		Exotoxin SpeB		Exotoxin SpeB				1	1	0
speB|structural:1-93	3.33E-01	3.86E-01	6.67E-01	-5.00E-01	8.66E-01	5.00E-01	bad-chisq	0.175874166083451	0.008333333333333333	2/3|0.67	1/3|0.33	0.33	speB	Cluster_5	10	1	4	2	6	1.5	sample1_speB	TERMINAL	TERMINAL			CDS		+	-	speB		Exotoxin SpeB		Exotoxin SpeB				0	0	1
speB|structural:94-137	3.33E-01	3.86E-01	6.67E-01	-5.00E-01	8.66E-01	5.00E-01	bad-chisq	0.175874166083451	0.008333333333333333	2/3|0.67	1/3|0.33	0.33	speB	Cluster_5	10	1	4	2	6	1.5	sample1_speB	TERMINAL	TERMINAL			CDS		+	-	speB		Exotoxin SpeB		Exotoxin SpeB				0	0	1
speB|snp:G93T	6.67E-01	3.86E-01	6.67E-01	5.00E-01	8.66E-01	5.00E-01	bad-chisq	0.175874166083451	0.008333333333333333	2/3|0.67	1/3|0.33	0.33	speB	Cluster_5	10	1	4	2	6	1.5	sample1_speB	TERMINAL	TERMINAL			CDS		+	-	speB		Exotoxin SpeB		Exotoxin SpeB				1	1	0
Cluster_6|structural:1-78	6.67E-01	3.86E-01	6.67E-01	5.00E-01	8.66E-01	5.00E-01	bad-chisq	0.175874166083451	0.008333333333333333	2/3|0.67	1/3|0.33	0.33	Cluster_6	Cluster_6	11	1	4	2	4	1.0	sample2_IGR_full	TERMINAL	TERMINAL			unannotated		+										0	1	1
Cluster_6|structural:1-60	3.33E-01	3.86E-01	6.67E-01	-5.00E-01	8.66E-01	5.00E-01	bad-chisq	0.175874166083451	0.008333333333333333	2/3|0.67	1/3|0.33	0.33	Cluster_6	Cluster_6	11	1	4	2	4	1.0	sample2_IGR_full	TERMINAL	TERMINAL			unannotated		+										1	0	0
snps_close_to_terminal|structural:1-70	3.33E-01	3.86E-01	6.67E-01	-5.00E-01	8.66E-01	5.00E-01	bad-chisq	0.175874166083451	0.008333333333333333	2/3|0.67	1/3|0.33	0.33	snps_close_to_terminal	Cluster_33	23	1	4	2	6	1.5	sample4_snps_close_to_terminal	TERMINAL	TERMINAL			CDS		+		snps_close_to_terminal		SNPs close to terminal protein		SNPs close to terminal				1	0	0
snps_close_to_terminal|structural:1-30	6.67E-01	3.86E-01	6.67E-01	5.00E-01	8.66E-01	5.00E-01	bad-chisq	0.175874166083451	0.008333333333333333	2/3|0.67	1/3|0.33	0.33	snps_close_to_terminal	Cluster_33	23	1	4	2	6	1.5	sample4_snps_close_to_terminal	TERMINAL	TERMINAL			CDS		+		snps_close_to_terminal		SNPs close to terminal protein		SNPs close to terminal				0	1	1
snps_close_to_terminal|structural:40-70	6.67E-01	3.86E-01	6.67E-01	5.00E-01	8.66E-01	5.00E-01	bad-chisq	0.175874166083451	0.008333333333333333	2/3|0.67	1/3|0.33	0.33	snps_close_to_terminal	Cluster_33	23	1	4	2	6	1.5	sample4_snps_close_to_terminal	TERMINAL	TERMINAL			CDS		+		snps_close_to_terminal		SNPs close to terminal protein		SNPs close to terminal				0	1	1
snps_close_to_terminal|snp:A3T	6.67E-01	3.86E-01	6.67E-01	5.00E-01	8.66E-01	5.00E-01	bad-chisq	0.175874166083451	0.008333333333333333	2/3|0.67	1/3|0.33	0.33	snps_close_to_terminal	Cluster_33	23	1	4	2	6	1.5	sample4_snps_close_to_terminal	TERMINAL	TERMINAL			CDS		+		snps_close_to_terminal		SNPs close to terminal protein		SNPs close to terminal				0	1	1
snps_close_to_terminal|snp:A28T	6.67E-01	3.86E-01	6.67E-01	5.00E-01	8.66E-01	5.00E-01	bad-chisq	0.175874166083451	0.008333333333333333	2/3|0.67	1/3|0.33	0.33	snps_close_to_terminal	Cluster_33	23	1	4	2	6	1.5	sample4_snps_close_to_terminal	TERMINAL	TERMINAL			CDS		+		snps_close_to_terminal		SNPs close to terminal protein		SNPs close to terminal				0	1	1
snps_close_to_terminal|snp:G42T	3.33E-01	3.86E-01	6.67E-01	-5.00E-01	8.66E-01	5.00E-01	bad-chisq	0.175874166083451	0.008333333333333333	2/3|0.67	1/3|0.33	0.33	snps_close_to_terminal	Cluster_33	23	1	4	2	6	1.5	sample4_snps_close_to_terminal	TERMINAL	TERMINAL			CDS		+		snps_close_to_terminal		SNPs close to terminal protein		SNPs close to terminal				1	0	0
snps_close_to_terminal|snp:C68G	6.67E-01	3.86E-01	6.67E-01	5.00E-01	8.66E-01	5.00E-01	bad-chisq	0.175874166083451	0.008333333333333333	2/3|0.67	1/3|0.33	0.33	snps_close_to_terminal	Cluster_33	23	1	4	2	6	1.5	sample4_snps_close_to_terminal	TERMINAL	TERMINAL			CDS		+		snps_close_to_terminal		SNPs close to terminal protein		SNPs close to terminal				0	1	1
speG|structural:1-280	3.33E-01	3.86E-01	6.67E-01	-5.00E-01	8.66E-01	5.00E-01	bad-chisq	0.175874166083451	0.008333333333333333	2/3|0.67	1/3|0.33	0.33	speG	Cluster_34	24	1	4	1	4	1.0	sample4_speG_frag	TERMINAL	TERMINAL			CDS		+		speG		Exotoxin SpeG		Exotoxin SpeG				1	0	0
speG|structural:1-140	6.67E-01	3.86E-01	6.67E-01	5.00E-01	8.66E-01	5.00E-01	bad-chisq	0.175874166083451	0.008333333333333333	2/3|0.67	1/3|0.33	0.33	speG	Cluster_34	24	1	4	1	4	1.0	sample4_speG_frag	TERMINAL	TERMINAL			CDS		+		speG		Exotoxin SpeG		Exotoxin SpeG				0	1	1
snps_ambig|snp:G10C	3.33E-01	3.86E-01	6.67E-01	-5.00E-01	8.66E-01	5.00E-01	bad-chisq	0.175874166083451	0.008333333333333333	2/3|0.67	1/3|0.33	0.33	snps_ambig	Cluster_11	12	1	4	4	4	1.0	sample2_snps_ambig	TERMINAL	TERMINAL			CDS		+		snps_ambig		SNPs ambiguous		SNPs ambiguous				1	0	0
snps_shared_sample2_sample3|snp:C10G	6.67E-01	3.86E-01	6.67E-01	5.00E-01	8.66E-01	5.00E-01	bad-chisq	0.175874166083451	0.008333333333333333	2/3|0.67	1/3|0.33	0.33	snps_shared_sample2_sample3	Cluster_19	17	1	4	4	4	1.0	sample3_snps_shared_sample2_sample3	TERMINAL	TERMINAL			CDS		+		snps_shared_sample2_sample3		SNPs shared sample2 sample3		SNPs shared sample2 sample3				0	1	1
snps_shared_sample2_sample3|snp:C20G	6.67E-01	3.86E-01	6.67E-01	5.00E-01	8.66E-01	5.00E-01	bad-chisq	0.175874166083451	0.008333333333333333	2/3|0.67	1/3|0.33	0.33	snps_shared_sample2_sample3	Cluster_19	17	1	4	4	4	1.0	sample3_snps_shared_sample2_sample3	TERMINAL	TERMINAL			CDS		+		snps_shared_sample2_sample3		SNPs shared sample2 sample3		SNPs shared sample2 sample3				0	1	1
snps_unique_to_sample1|snp:A10T	3.33E-01	3.86E-01	6.67E-01	-5.00E-01	8.66E-01	5.00E-01	bad-chisq	0.175874166083451	0.008333333333333333	2/3|0.67	1/3|0.33	0.33	snps_unique_to_sample1	Cluster_20	18	1	4	4	4	1.0	sample3_snps_unique_to_sample1	TERMINAL	TERMINAL			CDS		+		snps_unique_to_sample1		SNPs unique to sample1		SNPs unique to sample1				1	0	0
snps_unique_to_sample1|snp:T20A	3.33E-01	3.86E-01	6.67E-01	-5.00E-01	8.66E-01	5.00E-01	bad-chisq	0.175874166083451	0.008333333333333333	2/3|0.67	1/3|0.33	0.33	snps_unique_to_sample1	Cluster_20	18	1	4	4	4	1.0	sample3_snps_unique_to_sample1	TERMINAL	TERMINAL			CDS		+		snps_unique_to_sample1		SNPs unique to sample1		SNPs unique to sample1				1	0	0
snps_unique_to_sample3|snp:T10C	3.33E-01	3.86E-01	6.67E-01	-5.00E-01	8.66E-01	5.00E-01	bad-chisq	0.175874166083451	0.008333333333333333	2/3|0.67	1/3|0.33	0.33	snps_unique_to_sample3	Cluster_21	19	1	4	4	4	1.0	sample3_snps_unique_to_sample3	TERMINAL	TERMINAL			CDS		+		snps_unique_to_sample3		SNPs unique to sample3		SNPs unique to sample3				0	0	1
speM|presence_absence	3.33E-01	3.86E-01	6.67E-01	-5.00E-01	8.66E-01	5.00E-01	bad-chisq	0.175874166083451	0.008333333333333333	2/3|0.67	1/3|0.33	0.33	speM	Cluster_35	25	1	2	1	2	1.0	sample4_speM	TERMINAL	TERMINAL			CDS		-		speM		Exotoxin SpeM		Exotoxin SpeM		RefSeq:WP_038431384.1		0	0	1
