	sample1	sample2	sample3
sample1	0.0	0.00766736	0.00617611
sample2	0.00766736	0.0	0.0028039
sample3	0.00617611	0.0028039	0.0
