	sample1	sample2	sample3	sample4
sample1	0.0	0.00766736	0.00617611	0.00298397
sample2	0.00766736	0.0	0.0028039	0.00712156
sample3	0.00617611	0.0028039	0.0	0.00563031
sample4	0.00298397	0.00712156	0.00563031	0.0
