node	original	ufboot	alrt	significant
NODE_0	NA	NA	NA	
NODE_1	NA	NA	NA	
NODE_2	NA	NA	NA	
