JnKVXNuJkuuT90YnZ6NS8A==
JnKVXNuJkuuT90YnZ6NS8A==
JnKVXNuJkuuT90YnZ6NS8A==
N28nWiqhVnGQhq5+eRTdkQ==
N28nWiqhVnGQhq5+eRTdkQ==
pBDlHf0CyMucoRgDkU8Gig==
pBDlHf0CyMucoRgDkU8Gig==
pBDlHf0CyMucoRgDkU8Gig==
pBDlHf0CyMucoRgDkU8Gig==
pBDlHf0CyMucoRgDkU8Gig==
pBDlHf0CyMucoRgDkU8Gig==
pBDlHf0CyMucoRgDkU8Gig==
pBDlHf0CyMucoRgDkU8Gig==
pBDlHf0CyMucoRgDkU8Gig==
sW+ZPVWJHqR8FpNUmfWgIA==
sW+ZPVWJHqR8FpNUmfWgIA==
