variant	af	filter-pvalue	lrt-pvalue	beta	beta-std-err	variant_h2	lineage	notes	-log10(p)	bonferroni	match	mismatch	score	cluster	cluster_id	synteny	synteny_pos	num_samples	num_samples_non_fragmented	num_sequences	mean_sequences_per_sample	representative	upstream	downstream	upstream_alt	downstream_alt	feature	feature_alt	strand	strand_alt	gene	gene_alt	product	product_alt	name	name_alt	dbxref	dbxref_alt	sample1	sample2	sample3	sample4
speB|structural:1-137	5.00E-01	1.01E-01	2.47E-02	-2.50E+00	4.00E-01	9.75E-01	1		1.6073030467403342	0.0125	4/4|1.0	0/4|0.0	1.0	speB	Cluster_5	10	1	4	2	6	1.5	sample1_speB	TERMINAL	TERMINAL			CDS		+	-	speB		Exotoxin SpeB		Exotoxin SpeB				1	1	0	0
speB|structural:1-93	5.00E-01	1.01E-01	2.47E-02	2.50E+00	4.00E-01	9.75E-01	1		1.6073030467403342	0.0125	4/4|1.0	0/4|0.0	1.0	speB	Cluster_5	10	1	4	2	6	1.5	sample1_speB	TERMINAL	TERMINAL			CDS		+	-	speB		Exotoxin SpeB		Exotoxin SpeB				0	0	1	1
speB|structural:94-137	5.00E-01	1.01E-01	2.47E-02	2.50E+00	4.00E-01	9.75E-01	1		1.6073030467403342	0.0125	4/4|1.0	0/4|0.0	1.0	speB	Cluster_5	10	1	4	2	6	1.5	sample1_speB	TERMINAL	TERMINAL			CDS		+	-	speB		Exotoxin SpeB		Exotoxin SpeB				0	0	1	1
speB|snp:G93T	5.00E-01	1.01E-01	2.47E-02	-2.50E+00	4.00E-01	9.75E-01	1		1.6073030467403342	0.0125	4/4|1.0	0/4|0.0	1.0	speB	Cluster_5	10	1	4	2	6	1.5	sample1_speB	TERMINAL	TERMINAL			CDS		+	-	speB		Exotoxin SpeB		Exotoxin SpeB				1	1	0	0
speM|presence_absence	5.00E-01	1.01E-01	2.47E-02	2.50E+00	4.00E-01	9.75E-01	1		1.6073030467403342	0.0125	4/4|1.0	0/4|0.0	1.0	speM	Cluster_35	25	1	2	1	2	1.0	sample4_speM	TERMINAL	TERMINAL			CDS		-		speM		Exotoxin SpeM		Exotoxin SpeM		RefSeq:WP_038431384.1		0	0	1	1
Cluster_6|structural:1-78	5.00E-01	8.46E-01	8.44E-01	-4.00E-01	1.79E+00	1.56E-01	1		0.07365755337434496	0.0125	2/4|0.5	2/4|0.5	0.0	Cluster_6	Cluster_6	11	1	4	2	4	1.0	sample2_IGR_full	TERMINAL	TERMINAL			unannotated		+										0	1	1	0
snps_close_to_terminal|structural:1-70	5.00E-01	8.46E-01	8.44E-01	4.00E-01	1.79E+00	1.56E-01	1		0.07365755337434496	0.0125	2/4|0.5	2/4|0.5	0.0	snps_close_to_terminal	Cluster_33	23	1	4	2	6	1.5	sample4_snps_close_to_terminal	TERMINAL	TERMINAL			CDS		+		snps_close_to_terminal		SNPs close to terminal protein		SNPs close to terminal				1	0	0	1
snps_close_to_terminal|structural:1-30	5.00E-01	8.46E-01	8.44E-01	-4.00E-01	1.79E+00	1.56E-01	1		0.07365755337434496	0.0125	2/4|0.5	2/4|0.5	0.0	snps_close_to_terminal	Cluster_33	23	1	4	2	6	1.5	sample4_snps_close_to_terminal	TERMINAL	TERMINAL			CDS		+		snps_close_to_terminal		SNPs close to terminal protein		SNPs close to terminal				0	1	1	0
snps_close_to_terminal|structural:40-70	5.00E-01	8.46E-01	8.44E-01	-4.00E-01	1.79E+00	1.56E-01	1		0.07365755337434496	0.0125	2/4|0.5	2/4|0.5	0.0	snps_close_to_terminal	Cluster_33	23	1	4	2	6	1.5	sample4_snps_close_to_terminal	TERMINAL	TERMINAL			CDS		+		snps_close_to_terminal		SNPs close to terminal protein		SNPs close to terminal				0	1	1	0
snps_close_to_terminal|snp:A3T	5.00E-01	8.46E-01	8.44E-01	-4.00E-01	1.79E+00	1.56E-01	1		0.07365755337434496	0.0125	2/4|0.5	2/4|0.5	0.0	snps_close_to_terminal	Cluster_33	23	1	4	2	6	1.5	sample4_snps_close_to_terminal	TERMINAL	TERMINAL			CDS		+		snps_close_to_terminal		SNPs close to terminal protein		SNPs close to terminal				0	1	1	0
snps_close_to_terminal|snp:A28T	5.00E-01	8.46E-01	8.44E-01	-4.00E-01	1.79E+00	1.56E-01	1		0.07365755337434496	0.0125	2/4|0.5	2/4|0.5	0.0	snps_close_to_terminal	Cluster_33	23	1	4	2	6	1.5	sample4_snps_close_to_terminal	TERMINAL	TERMINAL			CDS		+		snps_close_to_terminal		SNPs close to terminal protein		SNPs close to terminal				0	1	1	0
snps_close_to_terminal|snp:G42T	5.00E-01	8.46E-01	8.44E-01	4.00E-01	1.79E+00	1.56E-01	1		0.07365755337434496	0.0125	2/4|0.5	2/4|0.5	0.0	snps_close_to_terminal	Cluster_33	23	1	4	2	6	1.5	sample4_snps_close_to_terminal	TERMINAL	TERMINAL			CDS		+		snps_close_to_terminal		SNPs close to terminal protein		SNPs close to terminal				1	0	0	1
snps_close_to_terminal|snp:C68G	5.00E-01	8.46E-01	8.44E-01	-4.00E-01	1.79E+00	1.56E-01	1		0.07365755337434496	0.0125	2/4|0.5	2/4|0.5	0.0	snps_close_to_terminal	Cluster_33	23	1	4	2	6	1.5	sample4_snps_close_to_terminal	TERMINAL	TERMINAL			CDS		+		snps_close_to_terminal		SNPs close to terminal protein		SNPs close to terminal				0	1	1	0
speG|structural:1-140	5.00E-01	8.46E-01	8.44E-01	-4.00E-01	1.79E+00	1.56E-01	1		0.07365755337434496	0.0125	2/4|0.5	2/4|0.5	0.0	speG	Cluster_34	24	1	4	1	4	1.0	sample4_speG_frag	TERMINAL	TERMINAL			CDS		+		speG		Exotoxin SpeG		Exotoxin SpeG				0	1	1	0
snps_shared_sample2_sample3|snp:C10G	5.00E-01	8.46E-01	8.44E-01	-4.00E-01	1.79E+00	1.56E-01	1		0.07365755337434496	0.0125	2/4|0.5	2/4|0.5	0.0	snps_shared_sample2_sample3	Cluster_19	17	1	4	4	4	1.0	sample3_snps_shared_sample2_sample3	TERMINAL	TERMINAL			CDS		+		snps_shared_sample2_sample3		SNPs shared sample2 sample3		SNPs shared sample2 sample3				0	1	1	0
snps_shared_sample2_sample3|snp:C20G	5.00E-01	8.46E-01	8.44E-01	-4.00E-01	1.79E+00	1.56E-01	1		0.07365755337434496	0.0125	2/4|0.5	2/4|0.5	0.0	snps_shared_sample2_sample3	Cluster_19	17	1	4	4	4	1.0	sample3_snps_shared_sample2_sample3	TERMINAL	TERMINAL			CDS		+		snps_shared_sample2_sample3		SNPs shared sample2 sample3		SNPs shared sample2 sample3				0	1	1	0
