	sample1	sample2	sample3	sample4
sample1	0.00383368	0.0	0.0	0.00206879
sample2	0.0	0.00383368	0.0016861	0.0
sample3	0.0	0.0016861	0.00234243	0.0
sample4	0.00206879	0.0	0.0	0.00328788
