lineage	wald_test	p-value
1	0.22343230939117825	0.823199060581175
2	0.22343230939117803	0.823199060581175
