sample,1,2
sample1,1,0
sample2,0,1
sample3,0,1
sample4,1,0
