sample	name	column	regex
sample1	1	lineage	1
sample4	1	lineage	1
sample2	2	lineage	2
sample3	2	lineage	2
