sample	contig	locus	feature	start	end	length	strand	upstream	downstream	attributes	sequence_id	sequence
locus_no_sample	pesticin	locus_no_sample_pesticin	unannotated	1	430	430	+	pesticin_TERMINAL	pesticin_TERMINAL		locus_no_sample_pesticin	ATGATCTCAAAGTTATTTTGCTTGGCTCTCATATTTTTATCATCAAGTGGCCTTGCAGAAAAAAACACATATACAGCAAAAGACATCTTGCAAAACCTAGAATTAAATACCTTTGGCAATTCATTGTCTCATGGCATCTATGGGAAACAGACAACCTTCAAGCAAACCGAGTTTACAAATATTAAAAGCAACACCAAAAAACACATTGCACTTATCAATAAAGACAACTGATGGCACGATGATATCATTAAAAATACTAGGAATTAAGAGAGATGAGTATACTGTCTGTTTTGAAGATTTCTCTCTAATGAGACCGCCAACATATGTAGCCATACATCCTCTACTTATAAAAAAAGTAAAATCTGGAAACTTTATAGTAGTGAAAGAAATATAGAAATCTATCCCTGGTTGCACTGTATATTATCATTAAAAATCTATCCCTGGTTGCACTGTATATTATCAT
