sample	contig	locus	feature	start	end	length	strand	upstream	downstream	attributes	sequence_id	sequence
no_sequence_with_fasta	sample2_pesticin	no_sequence_with_fasta_SAMPL02_00005	CDS	1	231	231	+	sample2_pesticin_TERMINAL	no_sequence_with_fasta_SAMPL02_00005__no_sequence_with_fasta_SAMPL02_00010	ID=SAMPL02_00005;Name=pesticin immunity protein A;locus_tag=SAMPL02_00005;product=pesticin immunity protein A;Dbxref=CDD:435570;gene=PimA	no_sequence_with_fasta_SAMPL02_00005	ATGATCTCAAAGTTATTTTGCTTGGCTCTCATATTTTTATCATCAAGTGGCCTTGCAGAAAAAAACACATATACAGCAAAAGACATCTTGCAAAACCTAGAATTAAATACCTTTGGCAATTCATTGTCTCATGGCATCTATGGGAAACAGACAACCTTCAAGCAAACCGAGTTTACAAATATTAAAAGCAACACCAAAAAACACATTGCACTTATCAATAAAGACAACTGA
no_sequence_with_fasta	sample2_pesticin	no_sequence_with_fasta_SAMPL02_00005__no_sequence_with_fasta_SAMPL02_00010	unannotated	232	307	76	+	no_sequence_with_fasta_SAMPL02_00005	no_sequence_with_fasta_SAMPL02_00010		no_sequence_with_fasta_SAMPL02_00005__no_sequence_with_fasta_SAMPL02_00010	TGGCACGATGATATCATTAAAAATACTAGGAATTAAGAGAGATGAGTATACTGTCTGTTTTGAAGATTTCTCTCTA
no_sequence_with_fasta	sample2_pesticin	no_sequence_with_fasta_SAMPL02_00010	CDS	308	394	87	+	no_sequence_with_fasta_SAMPL02_00005__no_sequence_with_fasta_SAMPL02_00010	no_sequence_with_fasta_SAMPL02_00050	ID=SAMPL02_00010;Name=pesticin immunity protein B;locus_tag=SAMPL02_00010;product=pesticin immunity protein B;Dbxref=CDD:435570;gene=PimB	no_sequence_with_fasta_SAMPL02_00010	ATGAGACCGCCAACATATGTAGCCATACATCCTCTACTTATAAAAAAAGTAAAATCTGGAAACTTTATAGTAGTGAAAGAAATATAG
no_sequence_with_fasta	sample2_pesticin	no_sequence_with_fasta_SAMPL02_00050	CDS	395	428	34	+	no_sequence_with_fasta_SAMPL02_00010		ID=SAMPL02_00050;Name=pesticin immunity protein B;locus_tag=SAMPL02_00050;product=pesticin immunity protein B;Dbxref=CDD:435570;gene=PimB	no_sequence_with_fasta_SAMPL02_00050	AAATCTATCCCTGGTTGCACTGTATATTATCATT
