sample	contig	locus	feature	start	end	length	strand	upstream	downstream	attributes	sequence_id	sequence
sample2	sample2_pim	sample2_pim_CDS_frag.1	CDS	1	231	231	+	sample2_pim_TERMINAL	sample2_pim_CDS_frag.1__sample2_pim_CDS_frag.2	ID=pim_CDS_frag;Name=pesticin immunity protein A;locus_tag=pim_CDS_frag;product=pesticin immunity protein A;Dbxref=CDD:435570;gene=pim_CDS1	sample2_pim_CDS_frag.1	ATGATCTCAAAGTTATTTTGCTTGGCTCTCATATTTTTATCATCAAGTGGCCTTGCAGAAAAAAACACATATACAGCAAAAGACATCTTGCAAAACCTAGAATTAAATACCTTTGGCAATTCATTGTCTCATGGCATCTATGGGAAACAGACAACCTTCAAGCAAACCGAGTTTACAAATATTAAAAGCAACACCAAAAAACACATTGCACTTATCAATAAAGACAACTGA
sample2	sample2_pim	sample2_pim_CDS_frag.1__sample2_pim_CDS_frag.2	unannotated	232	307	76	+	sample2_pim_CDS_frag.1	sample2_pim_CDS_frag.2		sample2_pim_CDS_frag.1__sample2_pim_CDS_frag.2	TGGCACGATGATATCATTAAAAATACTAGGAATTAAGAGAGATGAGTATACTGTCTGTTTTGAAGATTTCTCTCTA
sample2	sample2_pim	sample2_pim_CDS_frag.2	CDS	308	394	87	+	sample2_pim_CDS_frag.1__sample2_pim_CDS_frag.2	sample2_pim_CDS_frag.3	ID=pim_CDS_frag;Name=pesticin immunity protein B;locus_tag=pim_CDS_frag;product=pesticin immunity protein B;Dbxref=CDD:435570;gene=pim_CDS2	sample2_pim_CDS_frag.2	ATGAGACCGCCAACATATGTAGCCATACATCCTCTACTTATAAAAAAAGTAAAATCTGGAAACTTTATAGTAGTGAAAGAAATATAG
sample2	sample2_pim	sample2_pim_CDS_frag.3	CDS	395	428	34	+	sample2_pim_CDS_frag.2		ID=pim_CDS_frag;Name=pesticin immunity protein B;locus_tag=pim_CDS_frag;product=pesticin immunity protein B;Dbxref=CDD:435570;gene=pim_CDS3	sample2_pim_CDS_frag.3	AAATCTATCCCTGGTTGCACTGTATATTATCATT
sample2	sample2_speB	sample2_speB	CDS	1	137	137	-	sample2_speB_TERMINAL	sample2_speB_TERMINAL	ID=speB;Name=Exotoxin SpeB;locus_tag=speB;product=Exotoxin SpeB;gene=speB	sample2_speB	ATGAATAAAAAGAAATTAGGTATCAGATTATTAAGTCTTTTAGCATTAGGTGGATTTGTTCTTGCTAACCCAGTATTTGCCGATCAAAACTTTGCTCGTAACGAAAAAGAAGCAAAAGATAGCGCTATCACATTTAA
sample2	sample2_speG	sample2_speG_frag	CDS	1	140	140	+	sample2_speG_TERMINAL	sample2_speG_TERMINAL	ID=speG_frag;Name=Exotoxin SpeG;locus_tag=speG_frag;product=Exotoxin SpeG;gene=speG	sample2_speG_frag	ATGCCAAGCGCCCACAGTGTTAAGCTACGCCCGCTGGAGCGTGAAGATTTACGCTATGTACATCAACTCGACAATAACGCCAGTGTGATGCGTTACTGGTTTGAGGAACCCTACGAAGCCTTTGTTGAACTCTCTGATCT
sample2	sample2_IGR_full	sample2_IGR_full	unannotated	1	78	78	+	sample2_IGR_full_TERMINAL	sample2_IGR_full_TERMINAL		sample2_IGR_full	ACGTCGAGCNGCTAGCTGA-CGATCGACGATGCATCGGACGATCGATGCGAGCGACGATCGATCGACGATCGATCGCG
sample2	sample2_IGR_start	sample2_IGR_start_TERMINAL__sample2_IGR_start_CDS	unannotated	1	78	78	+	sample2_IGR_start_TERMINAL	sample2_IGR_start_CDS		sample2_IGR_start_TERMINAL__sample2_IGR_start_CDS	CGAGCTGCAGCGCATGCATTTGCATGCGTAAAAAAAAATGGGTGCATGCTGGCGACGATCTGACTGCTACGTGGCGCG
sample2	sample2_IGR_start	sample2_IGR_start_CDS	CDS	79	99	21	+	sample2_IGR_start_TERMINAL__sample2_IGR_start_CDS		ID=IGR_start_CDS;Name=Fragmented protein 1;locus_tag=IGR_start_CDS;product=Fragmented protein 1;gene=IGR_start_CDS	sample2_IGR_start_CDS	ATGATCTCAAAGCAAGACTAG
sample2	sample2_IGR_start_rev	sample2_IGR_start_rev_CDS	CDS	1	21	21	-	sample2_IGR_start_rev_TERMINAL	sample2_IGR_start_rev_CDS__sample2_IGR_start_rev_TERMINAL	ID=IGR_start_rev_CDS;Name=Fragmented protein 1;locus_tag=IGR_start_rev_CDS;product=Fragmented protein 1;gene=IGR_start_CDS	sample2_IGR_start_rev_CDS	ATGATCTCAAAGCAAGACTAG
sample2	sample2_IGR_start_rev	sample2_IGR_start_rev_CDS__sample2_IGR_start_rev_TERMINAL	unannotated	22	93	72	-	sample2_IGR_start_rev_CDS	sample2_IGR_start_rev_TERMINAL		sample2_IGR_start_rev_CDS__sample2_IGR_start_rev_TERMINAL	GCAGCGCATGCATTTGCATGCGTAAAAAAAAATGGGTGCATGCTGGCGACGATCTGACTGCTACGTGGCGCG
sample2	sample2_IGR_middle_rev	sample2_IGR_middle_rev_CDS1	CDS	1	21	21	-	sample2_IGR_middle_rev_TERMINAL	sample2_IGR_middle_rev_CDS1__sample2_IGR_middle_rev_CDS2	ID=IGR_middle_rev_CDS1;Name=Fragmented protein 1;locus_tag=IGR_middle_rev_CDS1;product=Fragmented protein 1;gene=IGR_middle_CDS1	sample2_IGR_middle_rev_CDS1	ATGCGAGCGTAAGGGCATTAA
sample2	sample2_IGR_middle_rev	sample2_IGR_middle_rev_CDS1__sample2_IGR_middle_rev_CDS2	unannotated	22	50	29	-	sample2_IGR_middle_rev_CDS1	sample2_IGR_middle_rev_CDS2		sample2_IGR_middle_rev_CDS1__sample2_IGR_middle_rev_CDS2	GCGATCAGCGCTGATGCGACGGCAATGTT
sample2	sample2_IGR_middle_rev	sample2_IGR_middle_rev_CDS2	CDS	51	71	21	-	sample2_IGR_middle_rev_CDS1__sample2_IGR_middle_rev_CDS2	sample2_IGR_middle_rev_TERMINAL	ID=IGR_middle_rev_CDS2;Name=Fragmented protein 1;locus_tag=IGR_middle_rev_CDS2;product=Fragmented protein 1;gene=IGR_middle_CDS2	sample2_IGR_middle_rev_CDS2	ATGCGAGCGTAAGGGCATTAA
sample2	sample2_IGR_end	sample2_IGR_end_CDS	CDS	1	21	21	+	sample2_IGR_end_TERMINAL	sample2_IGR_end_CDS__sample2_IGR_end_TERMINAL	ID=IGR_end_CDS;Name=Fragmented protein 1;locus_tag=IGR_end_CDS;product=Fragmented protein 1;gene=IGR_end_CDS	sample2_IGR_end_CDS	ATCGTGAGCTAGGTATGGTGG
sample2	sample2_IGR_end	sample2_IGR_end_CDS__sample2_IGR_end_TERMINAL	unannotated	22	99	78	+	sample2_IGR_end_CDS	sample2_IGR_end_TERMINAL		sample2_IGR_end_CDS__sample2_IGR_end_TERMINAL	GGCGATCGAGCGCATGCTCGAGGGCGACTAGCGACTAGCTACGGCGCATGCGATGCGGGGATGCGATCGATCGACTGC
sample2	sample2_CDS_middle_rev	sample2_CDS_middle_rev_TERMINAL__sample2_CDS_middle_rev	unannotated	1	23	23	-	sample2_CDS_middle_rev_TERMINAL	sample2_CDS_middle_rev		sample2_CDS_middle_rev_TERMINAL__sample2_CDS_middle_rev	CATCGATCGTAGTGTCGTAGCAC
sample2	sample2_CDS_middle_rev	sample2_CDS_middle_rev	CDS	24	44	21	-	sample2_CDS_middle_rev_TERMINAL__sample2_CDS_middle_rev	sample2_CDS_middle_rev__sample2_CDS_middle_rev_TERMINAL	ID=CDS_middle_rev;Name=Fragmented protein 1;locus_tag=CDS_middle_rev;product=Fragmented protein 1;gene=CDS_middle	sample2_CDS_middle_rev	ATGAGCGATATATAAGCGTGG
sample2	sample2_CDS_middle_rev	sample2_CDS_middle_rev__sample2_CDS_middle_rev_TERMINAL	unannotated	45	73	29	-	sample2_CDS_middle_rev	sample2_CDS_middle_rev_TERMINAL		sample2_CDS_middle_rev__sample2_CDS_middle_rev_TERMINAL	GGGCGACCGACCTACGCGACGCATACGCG
sample2	sample2_multi	sample2_multi_CDS2	CDS	1	36	36	+	sample2_multi_TERMINAL	sample2_multi_CDS2__sample2_multi_CDS1	ID=multi_CDS2;Name=Fake protein;locus_tag=multi_CDS2;product=Fake protein;gene=multi_CDS2	sample2_multi_CDS2	ATGCGACGTAGCATGCAGCGCAGCTGAGCATCATAA
sample2	sample2_multi	sample2_multi_CDS2__sample2_multi_CDS1	unannotated	37	65	29	+	sample2_multi_CDS2	sample2_multi_CDS1		sample2_multi_CDS2__sample2_multi_CDS1	GGATCGATGCATCGGCGATTCACTGCATC
sample2	sample2_multi	sample2_multi_CDS1	CDS	66	101	36	-	sample2_multi_CDS2__sample2_multi_CDS1	sample2_multi_CDS1__sample2_multi_TERMINAL	ID=multi_CDS1;Name=Fake protein;locus_tag=multi_CDS1;product=Fake protein;gene=multi_CDS1	sample2_multi_CDS1	ATGCGACGTAGCATGCAGCGCAGCTGAGCATCATAA
sample2	sample2_multi	sample2_multi_CDS1__sample2_multi_TERMINAL	unannotated	102	130	29	-	sample2_multi_CDS1	sample2_multi_TERMINAL		sample2_multi_CDS1__sample2_multi_TERMINAL	GGATCGATGCATCGGCGATTCACTGCATC
sample2	sample2_snps_unique_to_sample1	sample2_snps_unique_to_sample1	CDS	1	29	29	+	sample2_snps_unique_to_sample1_TERMINAL	sample2_snps_unique_to_sample1_TERMINAL	ID=snps_unique_to_sample1;Name=SNPs unique to sample1;locus_tag=snps_unique_to_sample1;product=SNPs unique to sample1;gene=snps_unique_to_sample1	sample2_snps_unique_to_sample1	CGACGTCAGAGCAGTCGCTTACGTGGCAG
sample2	sample2_snps_shared_sample2_sample3	sample2_snps_shared_sample2_sample3	CDS	1	29	29	+	sample2_snps_shared_sample2_sample3_TERMINAL	sample2_snps_shared_sample2_sample3_TERMINAL	ID=snps_shared_sample2_sample3;Name=SNPs shared sample2 sample3;locus_tag=snps_shared_sample2_sample3;product=SNPs shared sample2 sample3;gene=snps_shared_sample2_sample3	sample2_snps_shared_sample2_sample3	TACGTAGCGGGGACTGCGTGGCAGTCGTA
sample2	sample2_snps_unique_to_sample3	sample2_snps_unique_to_sample3	CDS	1	47	47	+	sample2_snps_unique_to_sample3_TERMINAL	sample2_snps_unique_to_sample3_TERMINAL	ID=snps_unique_to_sample3;Name=SNPs unique to sample3;locus_tag=snps_unique_to_sample3;product=SNPs unique to sample3;gene=snps_unique_to_sample3	sample2_snps_unique_to_sample3	GCGCGCTTGTGCTAGCTAGGCGCGATCGATCGACGCTGCAGCATGCT
sample2	sample2_snps_unique_to_sample4	sample2_snps_unique_to_sample4	CDS	1	33	33	+	sample2_snps_unique_to_sample4_TERMINAL	sample2_snps_unique_to_sample4_TERMINAL	ID=snps_unique_to_sample4;Name=SNPs unique to sample4;locus_tag=snps_unique_to_sample4;product=SNPs unique to sample4;gene=sample2_snps_unique_to_sample4	sample2_snps_unique_to_sample4	AAGGCTACGAACGTCTGGCGGCGTAGGCATTCG
sample2	sample2_snps_close_to_indel	sample2_snps_close_to_indel	CDS	1	35	35	+	sample2_snps_close_to_indel_TERMINAL	sample2_snps_close_to_indel_TERMINAL	ID=snps_close_to_indel;Name=SNPs close to indel;locus_tag=snps_close_to_indel;product=SNPs close to indel protein;gene=snps_close_to_indel	sample2_snps_close_to_indel	ATTCTCTGCGTGCGCTATCGTAGCTAG-TACAGAC
sample2	sample2_snps_close_to_terminal	sample2_snps_close_to_terminal_frag1	CDS	1	30	30	+	sample2_snps_close_to_terminal_TERMINAL	sample2_snps_close_to_terminal_frag2	ID=snps_close_to_terminal_frag1;Name=SNPs close to terminal;locus_tag=snps_close_to_terminal_frag1;product=SNPs close to terminal protein;gene=snps_close_to_terminal	sample2_snps_close_to_terminal_frag1	ACTGCGAGCATGTGCATCTCGACAGTCTAC
sample2	sample2_snps_close_to_terminal	sample2_snps_close_to_terminal_frag2	CDS	40	70	31	+	sample2_snps_close_to_terminal_frag1	sample2_snps_close_to_terminal_TERMINAL	ID=snps_close_to_terminal_frag2;Name=SNPs close to terminal;locus_tag=snps_close_to_terminal_frag2;product=SNPs close to terminal protein;gene=snps_close_to_terminal	sample2_snps_close_to_terminal_frag2	ACGAGCGCATGCAGCTACGCATGCATCGGTA
sample2	sample2_snps_high_density	sample2_snps_high_density	CDS	1	50	50	+	sample2_snps_high_density_TERMINAL	sample2_snps_high_density_TERMINAL	ID=snps_high_density;Name=SNPs high density;locus_tag=snps_high_density;product=SNPs high density;gene=snps_high_density	sample2_snps_high_density	TTGAGCAGCATCAATCATCTGACTAGCGCATGCAGCTACGCATGCATCGC
sample2	sample2_snps_multiallelic	sample2_snps_multiallelic	CDS	1	30	30	+	sample2_snps_multiallelic_TERMINAL	sample2_snps_multiallelic_TERMINAL	ID=snps_multiallelic;Name=SNPs multiallelic;locus_tag=snps_multiallelic;product=SNPs multiallelic;gene=snps_multiallelic	sample2_snps_multiallelic	AGCGCTGACAGCATGCGATTACGGCATCGA
sample2	sample2_snps_ambig	sample2_snps_ambig	CDS	1	30	30	+	sample2_snps_ambig_TERMINAL	sample2_snps_ambig_TERMINAL	ID=snps_ambig;Name=SNPs ambiguous;locus_tag=snps_ambig;product=SNPs ambiguous;gene=snps_ambig	sample2_snps_ambig	CAGTACGAGGATATGGCATGACAGAGATTG
sample2	sample2_dup_gene	sample2_dup_gene.1	CDS	1	30	30	+	sample2_dup_gene_TERMINAL	sample2_dup_gene.1__sample2_dup_gene.2	ID=dup_gene;Name=Duplicate gene name 1;locus_tag=dup_gene;Duplicate gene name 1;gene=dup_gene	sample2_dup_gene.1	GACTATGCACTGCTCGCGCAGATCGTAGCG
sample2	sample2_dup_gene	sample2_dup_gene.1__sample2_dup_gene.2	unannotated	31	60	30	+	sample2_dup_gene.1	sample2_dup_gene.2		sample2_dup_gene.1__sample2_dup_gene.2	ATATTATTCGGCATCTGATGTCTGCATGTG
sample2	sample2_dup_gene	sample2_dup_gene.2	CDS	61	90	30	+	sample2_dup_gene.1__sample2_dup_gene.2	sample2_dup_gene.3	ID=dup_gene;Name=Duplicate gene name 2.1;locus_tag=dup_gene;Duplicate gene name 2.1;gene=dup_gene	sample2_dup_gene.2	TTTAGAGTGCATGTGCACGGATGCATGCAC
sample2	sample2_dup_gene	sample2_dup_gene.3	CDS	91	120	30	+	sample2_dup_gene.2	sample2_dup_gene_TERMINAL	ID=dup_gene;Name=Duplicate gene name 2.2;locus_tag=dup_gene;Duplicate gene name 2.2;gene=dup_gene	sample2_dup_gene.3	TTTAGAGTGCATGTGCACGGATGCATGCAC
sample2	sample2_dup_product	sample2_dup_product.1	CDS	1	30	30	+	sample2_dup_product_TERMINAL	sample2_dup_product.1__sample2_dup_product.2	ID=dup_product;Name=duplicate product 1;locus_tag=dup_product;product=__duplicate product_	sample2_dup_product.1	TAGCTGACGGCATTACGATCGATGCATGTG
sample2	sample2_dup_product	sample2_dup_product.1__sample2_dup_product.2	unannotated	31	60	30	+	sample2_dup_product.1	sample2_dup_product.2		sample2_dup_product.1__sample2_dup_product.2	GCTAGATCATTAGCGATCGCGCTATTACGT
sample2	sample2_dup_product	sample2_dup_product.2	CDS	61	90	30	+	sample2_dup_product.1__sample2_dup_product.2	sample2_dup_product.3	ID=dup_product;Name=duplicate product 2.1;locus_tag=dup_product;product=duplicate product	sample2_dup_product.2	TACGATCGCTCGGTACCGCGCGCGGCTGCT
sample2	sample2_dup_product	sample2_dup_product.3	CDS	91	120	30	+	sample2_dup_product.2	sample2_dup_product_TERMINAL	ID=dup_product;Name=duplicate product 2.2;locus_tag=dup_product;product=duplicate product	sample2_dup_product.3	TACGATCGCTCGGTACCGCGCGCGGCTGCT
sample2	sample2_gene_conflict	sample2_gene_conflict	CDS	1	30	30	+	sample2_gene_conflict_TERMINAL	sample2_gene_conflict_TERMINAL	ID=gene_conflict;Name=gene conflict 2;locus_tag=gene_conflict;gene=gene_conflict_2	sample2_gene_conflict	TTATATCGGCGATTCAGTTCAGATGCATTG
sample2	sample2_product_conflict	sample2_product_conflict	CDS	1	30	30	+	sample2_product_conflict_TERMINAL	sample2_product_conflict_TERMINAL	ID=product_conflict;Name=product conflict 2;locus_tag=product_conflict;product=product conflict 2	sample2_product_conflict	ATATTAATAAGGGCGGCGGCGCGATTGAGC
sample2	sample2_feature_rescue	sample2_feature_rescue	unannotated	1	30	30	+	sample2_feature_rescue_TERMINAL	sample2_feature_rescue_TERMINAL		sample2_feature_rescue	GGCGCTGCATGATATATCGCCATCGATACT
