sample	contig	locus	feature	start	end	length	strand	upstream	downstream	attributes	sequence_id	sequence
sample3	sample3_pim	sample3_pim	CDS	1	426	426	+	sample3_pim_TERMINAL	sample3_pim_TERMINAL	ID=pim;Name=pesticin immunity protein;locus_tag=pim;product=pesticin immunity protein;Dbxref=CDD:435570;gene=pim	sample3_pim	ATGATCTCAAAGTTATTTTGCTTGGCTCTCATATTTTTATCATCAAGTGGCCTTGCAGAAAAAAACACATATACAGCAAAAGACATCTTGCAAAACCTAGAATTAAATACCTTTGGCAATTCATTGTCTCATGGCATCTATGGGAAACAGACAACCTTCAAGCAAACCGAGTTTACAAATATTAAAAGCAACACCAAAAAACACATTGCACTTATCAATAAAGACAACTCATGGATGATATCATTAAAAATACTAGGAATTAAGAGAGATGAGTATACTGTCTGTTTTGAAGATTTCTCTCTAATAAGACCGCCAACATATGTAGCCATACATCCTCTACTTATAAAAAAAGTAAAATCTGGAAACTTTATAGTAGTGAAAGAAATAAAGAAATCTATCCCTGGTTGCACTGTATATTATCATTAA
sample3	sample3_speB	sample3_speB_frag	CDS	1	93	93	+	sample3_speB_TERMINAL	sample3_speB_frag__sample3_speB_TERMINAL	ID=speB_frag;Name=Exotoxin SpeB;locus_tag=speB_frag;product=Exotoxin SpeB;gene=speB	sample3_speB_frag	ATGAATAAAAAGAAATTAGGTATCAGATTATTAAGTCTTTTAGCATTAGGTGGATTTGTTCTTGCTAACCCAGTATTTGCCGATCAAAACTTG
sample3	sample3_speB	sample3_speB_frag__sample3_speB_TERMINAL	unannotated	94	137	44	+	sample3_speB_frag	sample3_speB_TERMINAL		sample3_speB_frag__sample3_speB_TERMINAL	GCTCGTAACGAAAAAGAAGCAAAAGATAGCGCTATCACATTTAA
sample3	sample3_speG	sample3_speG_frag	CDS	1	140	140	+	sample3_speG_TERMINAL	sample3_speG_TERMINAL	ID=speG_frag;Name=Exotoxin SpeG;locus_tag=speG_frag;product=Exotoxin SpeG;gene=speG	sample3_speG_frag	ATGCCAAGCGCCCACAGTGTTAAGCTACGCCCGCTGGAGCGTGAAGATTTACGCTATGTACATCAACTCGACAATAACGCCAGTGTGATGCGTTACTGGTTTGAGGAACCCTACGAAGCCTTTGTTGAACTCTCTGATCT
sample3	sample3_IGR_full	sample3_IGR_full	unannotated	1	78	78	+	sample3_IGR_full_TERMINAL	sample3_IGR_full_TERMINAL		sample3_IGR_full	ACGTCGAGCNGCTAGCTGA-CGATCGACGATGCATCGGACGATCGATGCGAGCGACGATCGATCGACGATCGATCGCG
sample3	sample3_IGR_start	sample3_IGR_start_TERMINAL__sample3_IGR_start_CDS	unannotated	1	78	78	+	sample3_IGR_start_TERMINAL	sample3_IGR_start_CDS		sample3_IGR_start_TERMINAL__sample3_IGR_start_CDS	CGAGCTGCAGCGCATGCATTTGCATGCGTAAAAAAAAATGGGTGCATGCTGGCGACGATCTGACTGCTACGTGGCGCG
sample3	sample3_IGR_start	sample3_IGR_start_CDS	CDS	79	99	21	+	sample3_IGR_start_TERMINAL__sample3_IGR_start_CDS		ID=IGR_start_CDS;Name=Fragmented protein 1;locus_tag=IGR_start_CDS;product=Fragmented protein 1;gene=IGR_start_CDS	sample3_IGR_start_CDS	ATGATCTCAAAGCAAGACTAG
sample3	sample3_IGR_middle	sample3_IGR_middle_CDS1	CDS	1	21	21	+	sample3_IGR_middle_TERMINAL	sample3_IGR_middle_CDS1__sample3_IGR_middle_CDS2	ID=IGR_middle_CDS1;Name=Fragmented protein 1;locus_tag=IGR_middle_CDS1;product=Fragmented protein 1;gene=IGR_middle_CDS1	sample3_IGR_middle_CDS1	ATGCGAGCGTAAGGGCATTAA
sample3	sample3_IGR_middle	sample3_IGR_middle_CDS1__sample3_IGR_middle_CDS2	unannotated	22	50	29	+	sample3_IGR_middle_CDS1	sample3_IGR_middle_CDS2		sample3_IGR_middle_CDS1__sample3_IGR_middle_CDS2	GCGATCAGCGCTGATGCGACGGCAATGTT
sample3	sample3_IGR_middle	sample3_IGR_middle_CDS2	CDS	51	71	21	+	sample3_IGR_middle_CDS1__sample3_IGR_middle_CDS2	sample3_IGR_middle_TERMINAL	ID=IGR_middle_CDS2;Name=Fragmented protein 1;locus_tag=IGR_middle_CDS2;product=Fragmented protein 1;gene=IGR_middle_CDS2	sample3_IGR_middle_CDS2	ATGCGAGCGTAAGGGCATTAA
sample3	sample3_IGR_end	sample3_IGR_end_CDS	CDS	1	21	21	+	sample3_IGR_end_TERMINAL	sample3_IGR_end_CDS__sample3_IGR_end_TERMINAL	ID=IGR_end_CDS;Name=Fragmented protein 1;locus_tag=IGR_end_CDS;product=Fragmented protein 1;gene=IGR_end_CDS	sample3_IGR_end_CDS	ATCGTGAGCTAGGTATGGTGG
sample3	sample3_IGR_end	sample3_IGR_end_CDS__sample3_IGR_end_TERMINAL	unannotated	22	99	78	+	sample3_IGR_end_CDS	sample3_IGR_end_TERMINAL		sample3_IGR_end_CDS__sample3_IGR_end_TERMINAL	GGCGATCGAGCGCATGCTCGAGGGCGACTAGCGACTAGCTACGGCGCATGCGATGCGGGGATGCGATCGATCGACTGC
sample3	sample3_CDS_middle	sample3_CDS_middle_TERMINAL__sample3_CDS_middle	unannotated	1	29	29	+	sample3_CDS_middle_TERMINAL	sample3_CDS_middle		sample3_CDS_middle_TERMINAL__sample3_CDS_middle	GGGCGACCGACCTACGCGACGCATACGCG
sample3	sample3_CDS_middle	sample3_CDS_middle	CDS	30	50	21	+	sample3_CDS_middle_TERMINAL__sample3_CDS_middle	sample3_CDS_middle__sample3_CDS_middle_TERMINAL	ID=CDS_middle;Name=Fragmented protein 1;locus_tag=CDS_middle;product=Fragmented protein 1;gene=CDS_middle	sample3_CDS_middle	ATGAGCGATATATAAGCGTGG
sample3	sample3_CDS_middle	sample3_CDS_middle__sample3_CDS_middle_TERMINAL	unannotated	51	73	23	+	sample3_CDS_middle	sample3_CDS_middle_TERMINAL		sample3_CDS_middle__sample3_CDS_middle_TERMINAL	CATCGATCGTAGTGTCGTAGCAC
sample3	sample3_multi	sample3_multi_CDS1	CDS	1	36	36	+	sample3_multi_TERMINAL	sample3_multi_CDS1__sample3_multi_CDS2	ID=multi_CDS1;Name=Fake protein 1;locus_tag=multi_CDS1;product=Fake protein 1;gene=multi_CDS1	sample3_multi_CDS1	ATGCGACGTAGCATGCAGCGCAGCTGAGCATCATAA
sample3	sample3_multi	sample3_multi_CDS1__sample3_multi_CDS2	unannotated	37	65	29	+	sample3_multi_CDS1	sample3_multi_CDS2		sample3_multi_CDS1__sample3_multi_CDS2	GGATCGATGCATCGGCGATTCACTGCATC
sample3	sample3_multi	sample3_multi_CDS2	CDS	66	101	36	+	sample3_multi_CDS1__sample3_multi_CDS2	sample3_multi_CDS2__sample3_multi_TERMINAL	ID=multi_CDS2;Name=Fake protein 1;locus_tag=multi_CDS2;product=Fake protein 1;gene=multi_CDS2	sample3_multi_CDS2	ATGCGACGTAGCATGCAGCGCAGCTGAGCATCATAA
sample3	sample3_multi	sample3_multi_CDS2__sample3_multi_TERMINAL	unannotated	102	130	29	+	sample3_multi_CDS2	sample3_multi_TERMINAL		sample3_multi_CDS2__sample3_multi_TERMINAL	GGATCGATGCATCGGCGATTCACTGCATC
sample3	sample3_snps_unique_to_sample1	sample3_snps_unique_to_sample1	CDS	1	29	29	+	sample3_snps_unique_to_sample1_TERMINAL	sample3_snps_unique_to_sample1_TERMINAL	ID=snps_unique_to_sample1;Name=SNPs unique to sample1;locus_tag=snps_unique_to_sample1;product=SNPs unique to sample1;gene=snps_unique_to_sample1	sample3_snps_unique_to_sample1	CGACGTCAGAGCAGTCGCTTACGTGGCAG
sample3	sample3_snps_shared_sample2_sample3	sample3_snps_shared_sample2_sample3	CDS	1	29	29	+	sample3_snps_shared_sample2_sample3_TERMINAL	sample3_snps_shared_sample2_sample3_TERMINAL	ID=snps_shared_sample2_sample3;Name=SNPs shared sample2 sample3;locus_tag=snps_shared_sample2_sample3;product=SNPs shared sample2 sample3;gene=snps_shared_sample2_sample3	sample3_snps_shared_sample2_sample3	TACGTAGCGGGGACTGCGTGGCAGTCGTA
sample3	sample3_snps_unique_to_sample3	sample3_snps_unique_to_sample3	CDS	1	47	47	+	sample3_snps_unique_to_sample3_TERMINAL	sample3_snps_unique_to_sample3_TERMINAL	ID=snps_unique_to_sample3;Name=SNPs unique to sample3;locus_tag=snps_unique_to_sample3;product=SNPs unique to sample3;gene=snps_unique_to_sample3	sample3_snps_unique_to_sample3	GCGCGCTTGCGCTAGCTAGGCGCGATCGATCGACGCTGCAGCATGCT
sample3	sample3_snps_unique_to_sample4	sample3_snps_unique_to_sample4	CDS	1	33	33	+	sample3_snps_unique_to_sample4_TERMINAL	sample3_snps_unique_to_sample4_TERMINAL	ID=snps_unique_to_sample4;Name=SNPs unique to sample4;locus_tag=snps_unique_to_sample4;product=SNPs unique to sample4;gene=snps_unique_to_sample4	sample3_snps_unique_to_sample4	AAGGCTACGAACGTCTGGCGGCGTAGGCATTCG
sample3	sample3_speM	sample3_speM	CDS	1	714	714	+	sample3_speM_TERMINAL	sample3_speM_TERMINAL	ID=speM;Name=Exotoxin SpeM;locus_tag=speM;product=Exotoxin SpeM;Dbxref=RefSeq:WP_038431384.1;gene=speM	sample3_speM	ATGAAAAAAAATACCTTGACTTTGTTATTCCTTGTGTGTGCATCGCTTGCTCTATACACTACTGAGAGTGTCTTTTCAGATGCTGTGTTGGTTAATAGCGAATTAAAAAATATCTATACGAAAGATGTAATTAATAGAACCAATATGAAGATAACAAAGAAAATTGGCACCCAGTTAATATTTAACACGAATGAAAAAACTAGAGTCTGGGATGATGATAATTATAATAAAGTTATATCTAGCAATGTTTCTCCAGCGCAAGAAAGACGCTTTAAGGAAGAAGAAGTTGATATTTATGCTCTAATAAAATCCTACAGTGTGATATGTAAGGAACAATATAATTATGTTGATGGAGGTTTGATAAGAACAAGTGACAGAGAGAAACTTGATTCAACAATATATATGAATATTTTTGGGGAACAGATACCGCTAAAAGAGCAATCAAAATATAAAATCACATTTCAGAATAAGTTTGTAACTTTTCAAGAAATTGATGTTAGACTTAGGAAAAGTTTGATGAGCGATAATAGAATAAAGTTATATGAACATAACTCAATTTGTAAAAAAGGGTATTGGGGAATTCATTATAAAGAT
sample3	sample3_snps_close_to_indel	sample3_snps_close_to_indel	CDS	1	35	35	+	sample3_snps_close_to_indel_TERMINAL	sample3_snps_close_to_indel_TERMINAL	ID=snps_close_to_indel;Name=SNPs close to indel;locus_tag=snps_close_to_indel;product=SNPs close to indel protein;gene=snps_close_to_indel	sample3_snps_close_to_indel	ATTCTCTGCGTGCGCTATCGTAGCTAG-TACAGAC
sample3	sample3_snps_close_to_terminal	sample3_snps_close_to_terminal_frag1	CDS	1	30	30	+	sample3_snps_close_to_terminal_TERMINAL	sample3_snps_close_to_terminal_frag2	ID=snps_close_to_terminal_frag1;Name=SNPs close to terminal;locus_tag=snps_close_to_terminal_frag1;product=SNPs close to terminal protein;gene=snps_close_to_terminal	sample3_snps_close_to_terminal_frag1	ACTGCGAGCATGTGCATCTCGACAGTCTAC
sample3	sample3_snps_close_to_terminal	sample3_snps_close_to_terminal_frag2	CDS	40	70	31	+	sample3_snps_close_to_terminal_frag1	sample3_snps_close_to_terminal_TERMINAL	ID=snps_close_to_terminal_frag2;Name=SNPs close to terminal;locus_tag=snps_close_to_terminal_frag2;product=SNPs close to terminal protein;gene=snps_close_to_terminal	sample3_snps_close_to_terminal_frag2	ACGAGCGCATGCAGCTACGCATGCATCGGTA
sample3	sample3_snps_high_density	sample3_snps_high_density	CDS	1	50	50	+	sample3_snps_high_density_TERMINAL	sample3_snps_high_density_TERMINAL	ID=snps_high_density;Name=SNPs high density;locus_tag=snps_high_density;product=SNPs high density;gene=snps_high_density	sample3_snps_high_density	TTGAGCAGCATCAATCATCTGACTAGCGCATGCAGCTACGCATGCATCGC
sample3	sample3_snps_multiallelic	sample3_snps_multiallelic	CDS	1	30	30	+	sample3_snps_multiallelic_TERMINAL	sample3_snps_multiallelic_TERMINAL	ID=snps_multiallelic;Name=SNPs multiallelic;locus_tag=snps_multiallelic;product=SNPs multiallelic;gene=snps_multiallelic	sample3_snps_multiallelic	AGCGCTGACAGCATGCGATTACGGCATCGA
sample3	sample3_snps_ambig	sample3_snps_ambig	CDS	1	30	30	+	sample3_snps_ambig_TERMINAL	sample3_snps_ambig_TERMINAL	ID=snps_ambig;Name=SNPs ambiguous;locus_tag=snps_ambig;product=SNPs ambiguous;gene=snps_ambig	sample3_snps_ambig	CAGTACGAGGATATGGCATGACAGAGATTG
sample3	sample3_dup_gene	sample3_dup_gene.1	CDS	1	30	30	+	sample3_dup_gene_TERMINAL	sample3_dup_gene.1__sample3_dup_gene.2	ID=dup_gene;Name=Duplicate gene name 1;locus_tag=dup_gene;Duplicate gene name 1;gene=dup_gene	sample3_dup_gene.1	GACTATGCACTGCTCGCGCAGATCGTAGCG
sample3	sample3_dup_gene	sample3_dup_gene.1__sample3_dup_gene.2	unannotated	31	60	30	+	sample3_dup_gene.1	sample3_dup_gene.2		sample3_dup_gene.1__sample3_dup_gene.2	ATATTATTCGGCATCTGATGTCTGCATGTG
sample3	sample3_dup_gene	sample3_dup_gene.2	CDS	61	90	30	+	sample3_dup_gene.1__sample3_dup_gene.2	sample3_dup_gene.3	ID=dup_gene;Name=Duplicate gene name 2.1;locus_tag=dup_gene;Duplicate gene name 2.1;gene=dup_gene	sample3_dup_gene.2	TTTAGAGTGCATGTGCACGGATGCATGCAC
sample3	sample3_dup_gene	sample3_dup_gene.3	CDS	91	120	30	+	sample3_dup_gene.2	sample3_dup_gene_TERMINAL	ID=dup_gene;Name=Duplicate gene name 2.2;locus_tag=dup_gene;Duplicate gene name 2.2;gene=dup_gene	sample3_dup_gene.3	TTTAGAGTGCATGTGCACGGATGCATGCAC
sample3	sample3_dup_product	sample3_dup_product.1	CDS	1	30	30	+	sample3_dup_product_TERMINAL	sample3_dup_product.1__sample3_dup_product.2	ID=dup_product;Name=duplicate product 1;locus_tag=dup_product;product=__duplicate product_	sample3_dup_product.1	TAGCTGACGGCATTACGATCGATGCATGTG
sample3	sample3_dup_product	sample3_dup_product.1__sample3_dup_product.2	unannotated	31	60	30	+	sample3_dup_product.1	sample3_dup_product.2		sample3_dup_product.1__sample3_dup_product.2	GCTAGATCATTAGCGATCGCGCTATTACGT
sample3	sample3_dup_product	sample3_dup_product.2	CDS	61	90	30	+	sample3_dup_product.1__sample3_dup_product.2	sample3_dup_product.3	ID=dup_product;Name=duplicate product 2.1;locus_tag=dup_product;product=duplicate product	sample3_dup_product.2	TACGATCGCTCGGTACCGCGCGCGGCTGCT
sample3	sample3_dup_product	sample3_dup_product.3	CDS	91	120	30	+	sample3_dup_product.2	sample3_dup_product_TERMINAL	ID=dup_product;Name=duplicate product 2.2;locus_tag=dup_product;product=duplicate product	sample3_dup_product.3	TACGATCGCTCGGTACCGCGCGCGGCTGCT
sample3	sample3_gene_conflict	sample3_gene_conflict	CDS	1	30	30	+	sample3_gene_conflict_TERMINAL	sample3_gene_conflict_TERMINAL	ID=gene_conflict;Name=gene conflict 2;locus_tag=gene_conflict;gene=gene_conflict_2	sample3_gene_conflict	TTATATCGGCGATTCAGTTCAGATGCATTG
sample3	sample3_product_conflict	sample3_product_conflict	CDS	1	30	30	+	sample3_product_conflict_TERMINAL	sample3_product_conflict_TERMINAL	ID=product_conflict;Name=product conflict 2;locus_tag=product_conflict;product=product conflict 2	sample3_product_conflict	ATATTAATAAGGGCGGCGGCGCGATTGAGC
sample3	sample3_feature_rescue	sample3_feature_rescue	unannotated	1	30	30	+	sample3_feature_rescue_TERMINAL	sample3_feature_rescue_TERMINAL		sample3_feature_rescue	GGCGCTGCATGATATATCGCCATCGATACT
