sample	contig	locus	feature	start	end	length	strand	upstream	downstream	attributes	sequence_id	sequence
sample4	sample4_pim	sample4_pim	CDS	1	426	426	+	sample4_pim_TERMINAL	sample4_pim_TERMINAL	ID=pim;Name=pesticin immunity protein;locus_tag=pim;product=pesticin immunity protein;Dbxref=CDD:435570;gene=pim	sample4_pim	ATGATCTCAAAGTTATTTTGCTTGGCTCTCATATTTTTATCATCAAGTGGCCTTGCAGAAAAAAACACATATACAGCAAAAGACATCTTGCAAAACCTAGAATTAAATACCTTTGGCAATTCATTGTCTCATGGCATCTATGGGAAACAGACAACCTTCAAGCAAACCGAGTTTACAAATATTAAAAGCAACACCAAAAAACACATTGCACTTATCAATAAAGACAACTCATGGATGATATCATTAAAAATACTAGGAATTAAGAGAGATGAGTATACTGTCTGTTTTGAAGATTTCTCTCTAATAAGACCGCCAACATATGTAGCCATACATCCTCTACTTATAAAAAAAGTAAAATCTGGAAACTTTATAGTAGTGAAAGAAATAAAGAAATCTATCCCTGGTTGCACTGTATATTATCATTAA
sample4	sample4_speB	sample4_speB_frag	CDS	1	93	93	+	sample4_speB_TERMINAL	sample4_speB_frag__sample4_speB_TERMINAL	ID=speB_frag;Name=Exotoxin SpeB.1;locus_tag=speB_frag;product=Exotoxin SpeB.1;gene=speB.1	sample4_speB_frag	ATGAATAAAAAGAAATTAGGTATCAGATTATTAAGTCTTTTAGCATTAGGTGGATTTGTTCTTGCTAACCCAGTATTTGCCGATCAAAACTTG
sample4	sample4_speB	sample4_speB_frag__sample4_speB_TERMINAL	unannotated	94	137	44	+	sample4_speB_frag	sample4_speB_TERMINAL		sample4_speB_frag__sample4_speB_TERMINAL	GCTCGTAACGAAAAAGAAGCAAAAGATAGCGCTATCACATTTAA
sample4	sample4_speG	sample4_speG_frag	CDS	1	561	561	+	sample4_speG_TERMINAL	sample4_speG_TERMINAL	ID=speG_frag;Name=Exotoxin SpeG;locus_tag=speG_frag;product=Exotoxin SpeG;gene=speG	sample4_speG_frag	ATGCCAAGCGCCCACAGTGTTAAGCTACGCCCGCTGGAGCGTGAAGATTTACGCTATGTACATCAACTCGACAATAACGCCAGTGTGATGCGTTACTGGTTTGAGGAACCCTACGAAGCCTTTGTTGAACTCTCTGATCTGTATGATAAGCATATTCACGATCAGAGCGAACGGCGCTTTGTGGTGGAATGTGACGGCGAAAAAGCCGGTCTGGTGGAGCTGGTGGAAATTAACCATGTTCATCGCCGCGCAGAATTTCAGATAATTATCTCCCCGGAGTATCAGGGGAAAGGTCTGGCAACCCGTGCCGCCAAATTAGCAATGGACTATGGCTTTACCGTTCTCAATCTCTATAAGCTGTATCTGATCGTTGATAAAGAGAATGAAAAAGCGATTCACATTTACCGCAAGCTTGGCTTTTCGGTTGAAGGTGAATTGATGCACGAGTTCTTTATTAATGGTCAATATCGTAATGCCATTCGCATGTGTATATTCCAGCATCAGTATCTGGCAGAGCACAAAACACCGGGTCAGACTCTCCTGAAGCCGACCGCACAATAG
sample4	sample4_IGR_full_frag	sample4_IGR_full_frag	unannotated	1	40	40	+	sample4_IGR_full_frag_TERMINAL	sample4_IGR_full_frag_TERMINAL		sample4_IGR_full_frag	ACGTCGAGCNGCTAGCTGA-CGATCGACGATGCATCGGAC
sample4	sample4_IGR_start	sample4_IGR_start_TERMINAL__sample4_IGR_start_CDS	unannotated	1	78	78	+	sample4_IGR_start_TERMINAL	sample4_IGR_start_CDS		sample4_IGR_start_TERMINAL__sample4_IGR_start_CDS	CGAGCTGCAGCGCATGCATTTGCATGCGTAAAAAAAAATGGGTGCATGCTGGCGACGATCTGACTGCTACGTGGCGCG
sample4	sample4_IGR_start	sample4_IGR_start_CDS	CDS	79	99	21	+	sample4_IGR_start_TERMINAL__sample4_IGR_start_CDS	sample4_IGR_start_TERMINAL	ID=IGR_start_CDS;Name=Fragmented protein 1;locus_tag=IGR_start_CDS;product=Fragmented protein 1;gene=IGR_start_CDS	sample4_IGR_start_CDS	ATGATCTCAAAGCAAGACTAG
sample4	sample4_IGR_middle	sample4_IGR_middle_CDS1	CDS	1	21	21	+	sample4_IGR_middle_TERMINAL	sample4_IGR_middle_CDS1__sample4_IGR_middle_CDS2	ID=IGR_middle_CDS1;Name=Fragmented protein 1;locus_tag=IGR_middle_CDS1;product=Fragmented protein 1;gene=IGR_middle_CDS1	sample4_IGR_middle_CDS1	ATGCGAGCGTAAGGGCATTAA
sample4	sample4_IGR_middle	sample4_IGR_middle_CDS1__sample4_IGR_middle_CDS2	unannotated	22	50	29	+	sample4_IGR_middle_CDS1	sample4_IGR_middle_CDS2		sample4_IGR_middle_CDS1__sample4_IGR_middle_CDS2	GCGATCAGCGCTGATGCGACGGCAATGTT
sample4	sample4_IGR_middle	sample4_IGR_middle_CDS2	CDS	51	71	21	+	sample4_IGR_middle_CDS1__sample4_IGR_middle_CDS2	sample4_IGR_middle_TERMINAL	ID=IGR_middle_CDS2;Name=Fragmented protein 1;locus_tag=IGR_middle_CDS2;product=Fragmented protein 2;gene=IGR_middle_CDS2	sample4_IGR_middle_CDS2	ATGCGAGCGTAAGGGCATTAA
sample4	sample4_IGR_end	sample4_IGR_end_CDS	CDS	1	21	21	+	sample4_IGR_end_TERMINAL	sample4_IGR_end_CDS__sample4_IGR_end_TERMINAL	ID=IGR_end_CDS;Name=Fragmented protein 1;locus_tag=IGR_end_CDS;product=Fragmented protein 1;gene=IGR_end_CDS	sample4_IGR_end_CDS	ATCGTGAGCTAGGTATGGTGG
sample4	sample4_IGR_end	sample4_IGR_end_CDS__sample4_IGR_end_TERMINAL	unannotated	22	99	78	+	sample4_IGR_end_CDS	sample4_IGR_end_TERMINAL		sample4_IGR_end_CDS__sample4_IGR_end_TERMINAL	GGCGATCGAGCGCATGCTCGAGGGCGACTAGCGACTAGCTACGGCGCATGCGATGCGGGGATGCGATCGATCGACTGC
sample4	sample4_CDS_middle	sample4_CDS_middle_TERMINAL__sample4_CDS_middle	unannotated	1	29	29	+	sample4_CDS_middle_TERMINAL	sample4_CDS_middle		sample4_CDS_middle_TERMINAL__sample4_CDS_middle	GGGCGACCGACCTACGCGACGCATACGCG
sample4	sample4_CDS_middle	sample4_CDS_middle	CDS	30	50	21	+	sample4_CDS_middle_TERMINAL__sample4_CDS_middle	sample4_CDS_middle__sample4_CDS_middle_TERMINAL	ID=CDS_middle;Name=Fragmented protein 1;locus_tag=CDS_middle;product=Fragmented protein 1;gene=CDS_middle	sample4_CDS_middle	ATGAGCGATATATAAGCGTGG
sample4	sample4_CDS_middle	sample4_CDS_middle__sample4_CDS_middle_TERMINAL	unannotated	51	73	23	+	sample4_CDS_middle	sample4_CDS_middle_TERMINAL		sample4_CDS_middle__sample4_CDS_middle_TERMINAL	CATCGATCGTAGTGTCGTAGCAC
sample4	sample4_multi	sample4_multi_CDS1	CDS	1	36	36	+	sample4_multi_TERMINAL	sample4_multi_CDS1__sample4_multi_CDS2	ID=multi_CDS1;Name=Fake protein 1;locus_tag=multi_CDS1;product=Fake protein 1;gene=multi_CDS1	sample4_multi_CDS1	ATGCGACGTAGCATGCAGCGCAGCTGAGCATCATAA
sample4	sample4_multi	sample4_multi_CDS1__sample4_multi_CDS2	unannotated	37	65	29	+	sample4_multi_CDS1	sample4_multi_CDS2		sample4_multi_CDS1__sample4_multi_CDS2	GGATCGATGCATCGGCGATTCACTGCATC
sample4	sample4_multi	sample4_multi_CDS2	CDS	66	101	36	+	sample4_multi_CDS1__sample4_multi_CDS2	sample4_multi_CDS2__sample4_multi_TERMINAL	ID=multi_CDS2;Name=Fake protein 1;locus_tag=multi_CDS2;product=Fake protein 2;gene=multi_CDS2	sample4_multi_CDS2	ATGCGACGTAGCATGCAGCGCAGCTGAGCATCATAA
sample4	sample4_multi	sample4_multi_CDS2__sample4_multi_TERMINAL	unannotated	102	130	29	+	sample4_multi_CDS2	sample4_multi_TERMINAL		sample4_multi_CDS2__sample4_multi_TERMINAL	GGATCGATGCATCGGCGATTCACTGCATC
sample4	sample4_snps_unique_to_sample1	sample4_snps_unique_to_sample1	CDS	1	29	29	+	sample4_snps_unique_to_sample1_TERMINAL	sample4_snps_unique_to_sample1_TERMINAL	ID=snps_unique_to_sample1;Name=SNPs unique to sample1;locus_tag=snps_unique_to_sample1;product=SNPs unique to sample1;gene=snps_unique_to_sample1	sample4_snps_unique_to_sample1	CGACGTCAGAGCAGTCGCTTACGTGGCAG
sample4	sample4_snps_shared_sample2_sample3	sample4_snps_shared_sample2_sample3	CDS	1	29	29	+	sample4_snps_shared_sample2_sample3_TERMINAL	sample4_snps_shared_sample2_sample3_TERMINAL	ID=snps_shared_sample2_sample3;Name=SNPs shared sample2 sample3;locus_tag=snps_shared_sample2_sample3;product=SNPs shared sample2 sample3;gene=snps_shared_sample2_sample3	sample4_snps_shared_sample2_sample3	TACGTAGCGCGGACTGCGTCGCAGTCGTA
sample4	sample4_snps_unique_to_sample3	sample4_snps_unique_to_sample3	CDS	1	47	47	+	sample4_snps_unique_to_sample3_TERMINAL	sample4_snps_unique_to_sample3_TERMINAL	ID=snps_unique_to_sample3;Name=SNPs unique to sample3;locus_tag=snps_unique_to_sample3;product=SNPs unique to sample3;gene=snps_unique_to_sample3	sample4_snps_unique_to_sample3	GCGCGCTTGTGCTAGCTAGGCGCGATCGATCGACGCTGCAGCATGCT
sample4	sample4_snps_unique_to_sample4	sample4_snps_unique_to_sample4	CDS	1	33	33	+	sample4_snps_unique_to_sample4_TERMINAL	sample4_snps_unique_to_sample4_TERMINAL	ID=snps_unique_to_sample4;Name=SNPs unique to sample4;locus_tag=snps_unique_to_sample4;product=SNPs unique to sample4;gene=snps_unique_to_sample4	sample4_snps_unique_to_sample4	AAGGCTACGTACGTCTGGCCGCGTAGGCATTCG
sample4	sample4_snps_close_to_indel	sample4_snps_close_to_indel	CDS	1	35	35	+	sample4_snps_close_to_indel_TERMINAL	sample4_snps_close_to_indel_TERMINAL	ID=snps_close_to_indel;Name=SNPs close to indel;locus_tag=snps_close_to_indel;product=SNPs close to indel protein;gene=snps_close_to_indel	sample4_snps_close_to_indel	ATTCTCTGCGTGCGCTATCGTAGCTAGCTATAGAC
sample4	sample4_snps_close_to_terminal	sample4_snps_close_to_terminal	CDS	1	70	70	+	sample4_snps_close_to_terminal_TERMINAL	sample4_snps_close_to_terminal_TERMINAL	ID=snps_close_to_terminal;Name=SNPs close to terminal;locus_tag=snps_close_to_terminal;product=SNPs close to terminal protein;gene=snps_close_to_terminal	sample4_snps_close_to_terminal	ACAGCGAGCATGTGCATCTCGACAGTCAACAATCATCTGACTAGCGCATGCAGCTACGCATGCATCGCTA
sample4	sample4_snps_high_density	sample4_snps_high_density	CDS	1	50	50	+	sample4_snps_high_density_TERMINAL	sample4_snps_high_density_TERMINAL	ID=snps_high_density;Name=SNPs high density;locus_tag=snps_high_density;product=SNPs high density;gene=snps_high_density	sample4_snps_high_density	TTGAGCAGCCGAAATCATCTGACTAGCGCATGCAGCTACGCATGCATCGC
sample4	sample4_snps_multiallelic	sample4_snps_multiallelic	CDS	1	30	30	+	sample4_snps_multiallelic_TERMINAL	sample4_snps_multiallelic_TERMINAL	ID=snps_multiallelic;Name=SNPs multiallelic;locus_tag=snps_multiallelic;product=SNPs multiallelic;gene=snps_multiallelic	sample4_snps_multiallelic	AGCGCTGACCGCATGCGATTACGGCATCGA
sample4	sample4_snps_ambig	sample4_snps_ambig	CDS	1	30	30	+	sample4_snps_ambig_TERMINAL	sample4_snps_ambig_TERMINAL	ID=snps_ambig;Name=SNPs ambiguous;locus_tag=snps_ambig;product=SNPs ambiguous;gene=snps_ambig	sample4_snps_ambig	CAGTACGAGNATATGGCATGACAGAGATTG
sample4	sample4_dup_gene	sample4_dup_gene.1	CDS	1	30	30	+	sample4_dup_gene_TERMINAL	sample4_dup_gene.1__sample4_dup_gene.2	ID=dup_gene;Name=Duplicate gene name 1;locus_tag=dup_gene;Duplicate gene name 1;gene=dup_gene	sample4_dup_gene.1	GACTATGCACTGCTCGCGCAGATCGTAGCG
sample4	sample4_dup_gene	sample4_dup_gene.1__sample4_dup_gene.2	unannotated	31	60	30	+	sample4_dup_gene.1	sample4_dup_gene.2		sample4_dup_gene.1__sample4_dup_gene.2	ATATTATTCGGCATCTGATGTCTGCATGTG
sample4	sample4_dup_gene	sample4_dup_gene.2	CDS	61	90	30	+	sample4_dup_gene.1__sample4_dup_gene.2	sample4_dup_gene.3	ID=dup_gene;Name=Duplicate gene name 2.1;locus_tag=dup_gene;Duplicate gene name 2.1;gene=dup_gene	sample4_dup_gene.2	TTTAGAGTGCATGTGCACGGATGCATGCAC
sample4	sample4_dup_gene	sample4_dup_gene.3	CDS	91	120	30	+	sample4_dup_gene.2	sample4_dup_gene_TERMINAL	ID=dup_gene;Name=Duplicate gene name 2.2;locus_tag=dup_gene;Duplicate gene name 2.2;gene=dup_gene	sample4_dup_gene.3	TTTAGAGTGCATGTGCACGGATGCATGCAC
sample4	sample4_dup_product	sample4_dup_product.1	CDS	1	30	30	+	sample4_dup_product_TERMINAL	sample4_dup_product.1__sample4_dup_product.2	ID=dup_product;Name=duplicate product 1;locus_tag=dup_product;product=__duplicate product_	sample4_dup_product.1	TAGCTGACGGCATTACGATCGATGCATGTG
sample4	sample4_dup_product	sample4_dup_product.1__sample4_dup_product.2	unannotated	31	60	30	+	sample4_dup_product.1	sample4_dup_product.2		sample4_dup_product.1__sample4_dup_product.2	GCTAGATCATTAGCGATCGCGCTATTACGT
sample4	sample4_dup_product	sample4_dup_product.2	CDS	61	90	30	+	sample4_dup_product.1__sample4_dup_product.2	sample4_dup_product.3	ID=dup_product;Name=duplicate product 2.1;locus_tag=dup_product;product=duplicate product	sample4_dup_product.2	TACGATCGCTCGGTACCGCGCGCGGCTGCT
sample4	sample4_dup_product	sample4_dup_product.3	CDS	91	120	30	+	sample4_dup_product.2	sample4_dup_product_TERMINAL	ID=dup_product;Name=duplicate product 2.2;locus_tag=dup_product;product=duplicate product	sample4_dup_product.3	TACGATCGCTCGGTACCGCGCGCGGCTGCT
sample4	sample4_gene_conflict	sample4_gene_conflict	CDS	1	30	30	+	sample4_gene_conflict_TERMINAL	sample4_gene_conflict_TERMINAL	ID=gene_conflict;Name=gene conflict 1;locus_tag=gene_conflict;gene=gene_conflict_1	sample4_gene_conflict	TTATATCGGCGATTCAGTTCAGATGCATTG
sample4	sample4_product_conflict	sample4_product_conflict	CDS	1	30	30	+	sample4_product_conflict_TERMINAL	sample4_product_conflict_TERMINAL	ID=product_conflict;Name=product conflict 1;locus_tag=product_conflict;product=product conflict 1	sample4_product_conflict	ATATTAATAAGGGCGGCGGCGCGATTGAGC
sample4	sample4_speM	sample4_speM	CDS	1	714	714	-	sample4_speM_TERMINAL	sample4_speM_TERMINAL	ID=speM;Name=Exotoxin SpeM;locus_tag=speM;product=Exotoxin SpeM;Dbxref=RefSeq:WP_038431384.1;gene=speM	sample4_speM	ATGAAAAAAAATACCTTGACTTTGTTATTCCTTGTGTGTGCATCGCTTGCTCTATACACTACTGAGAGTGTCTTTTCAGATGCTGTGTTGGTTAATAGCGAATTAAAAAATATCTATACGAAAGATGTAATTAATAGAACCAATATGAAGATAACAAAGAAAATTGGCACCCAGTTAATATTTAACACGAATGAAAAAACTAGAGTCTGGGATGATGATAATTATAATAAAGTTATATCTAGCAATGTTTCTCCAGCGCAAGAAAGACGCTTTAAGGAAGAAGAAGTTGATATTTATGCTCTAATAAAATCCTACAGTGTGATATGTAAGGAACAATATAATTATGTTGATGGAGGTTTGATAAGAACAAGTGACAGAGAGAAACTTGATTCAACAATATATATGAATATTTTTGGGGAACAGATACCGCTAAAAGAGCAATCAAAATATAAAATCACATTTCAGAATAAGTTTGTAACTTTTCAAGAAATTGATGTTAGACTTAGGAAAAGTTTGATGAGCGATAATAGAATAAAGTTATATGAACATAACTCAATTTGTAAAAAAGGGTATTGGGGAATTCATTATAAAGATAATACAACAAAGTTTACCGATTTATTCACTCATCCTAACTATACAGATAATGAAACGATTGATATGAGTAAAGTAAGTCACTTTGATATTTACTTAAACGAAGATTTTTCTAAAAATTAG
sample4	sample4_smeZ	sample4_smeZ	CDS	1	702	702	-	sample4_smeZ_TERMINAL	sample4_smeZ_TERMINAL	ID=smeZ;Name=Exotoxin SmeZ;locus_tag=smeZ;product=Exotoxin SmeZ;Dbxref=RefSeq:WP_038431384.1;gene=smeZ	sample4_smeZ	TTAGGAGTCAATTTCTATATCTAAATGCCCAATTTTATCTATATTGAAAGATTTATTGTCTTTGTATACTTTAAAAATACTTTCTTTATCTCTATATCCTACATAGAAAAGATCGAGAGAATATTTATCTGAATTATCATTTGTATGAAAAACTAATTTACCACTTTTGTAGCTAGAACCAGAAGAATATAATTGATGTTGTGATATTAAAAATTTTCTAACCTTTAGATCAATTTCTTGAGCTGTAACTGTTGTTTTGTTAGTTGATATTTCGTTGTAAGGAACAGAGATCTGCTTTCCATTAATCCATAAATTAACAGGGATATTTTTAGATATTGGTTCTTCTTGATAAGGCGTCATTCCACCATACGTATATGCTATGACTTTTCCTTCTGACAAGTAGTTCCAATCAAATGGGACGGAGAACATAGCTATTTTATCTCCATCTTTAAAATCATTGGCTGCATATTCGTCCATTTCGGAGTTAATAAAAAAATCTCTAGCATCTCTAACATCAAGTTTCTTAGTCACTAAGTTATGACTGGTTTTAAACTCAATTACTGTATCTGAATATTCATACACAATCGTACTATAGATATTCCTTAGAAGGGAATTATTATCTACTTCTAATCCAAACACAGGACGAGAAATTATTGCAATGAATATTGAAGTAAAAGAAAAAATAAGTTTTGTTTTTTTCAT
sample4	sample4_feature_rescue	sample4_feature_rescue	unannotated	1	30	30	+	sample4_feature_rescue_TERMINAL	sample4_feature_rescue_TERMINAL		sample4_feature_rescue	GGCGCTGCATGATATATCGCCATCGATACT
