sample	contig	locus	feature	start	end	length	strand	upstream	downstream	attributes	sequence_id	sequence
sample1	sample1_pim	sample1_pim	CDS	1	426	426	+	sample1_pim_TERMINAL	sample1_pim_TERMINAL	ID=pim;Name=pesticin immunity protein;locus_tag=pim;product=pesticin immunity protein;Dbxref=CDD:435570;gene=pim	sample1_pim	ATGATCTCAAAGTTATTTTGCTTGGCTCTCATATTTTTATCATCAAGTGGCCTTGCAGAAAAAAACACATATACAGCAAAAGACATCTTGCAAAACCTAGAATTAAATACCTTTGGCAATTCATTGTCTCATGGCATCTATGGGAAACAGACAACCTTCAAGCAAACCGAGTTTACAAATATTAAAAGCAACACCAAAAAACACATTGCACTTATCAATAAAGACAACTCATGGATGATATCATTAAAAATACTAGGAATTAAGAGAGATGAGTATACTGTCTGTTTTGAAGATTTCTCTCTAATAAGACCGCCAACATATGTAGCCATACATCCTCTACTTATAAAAAAAGTAAAATCTGGAAACTTTATAGTAGTGAAAGAAATAAAGAAATCTATCCCTGGTTGCACTGTATATTATCATTAA
sample1	sample1_speB	sample1_speB	CDS	1	137	137	+	sample1_speB_TERMINAL	sample1_speB_TERMINAL	ID=speB;Name=Exotoxin SpeB;locus_tag=speB;product=Exotoxin SpeB;gene=speB	sample1_speB	ATGAATAAAAAGAAATTAGGTATCAGATTATTAAGTCTTTTAGCATTAGGTGGATTTGTTCTTGCTAACCCAGTATTTGCCGATCAAAACTTTGCTCGTAACGAAAAAGAAGCAAAAGATAGCGCTATCACATTTAA
sample1	sample1_speG	sample1_speG	CDS	1	280	280	+	sample1_speG_TERMINAL	sample1_speG_TERMINAL	ID=speG;Name=Exotoxin SpeG;locus_tag=speG;product=Exotoxin SpeG;gene=speG	sample1_speG	ATGCCAAGCGCCCACAGTGTTAAGCTACGCCCGCTGGAGCGTGAAGATTTACGCTATGTACATCAACTCGACAATAACGCCAGTGTGATGCGTTACTGGTTTGAGGAACCCTACGAAGCCTTTGTTGAACTCTCTGATCTGTATGATAAGCATATTCACGATCAGAGCGAACGGCGCTTTGTGGTGGAATGTGACGGCGAAAAAGCCGGTCTGGTGGAGCTGGTGGAAATTAACCATGTTCATCGCCGCGCAGAATTTCAGATAATTATCTCCCCGGAGT
sample1	sample1_IGR_full_frag	sample1_IGR_full_frag	unannotated	1	60	60	+	sample1_IGR_full_frag_TERMINAL	sample1_IGR_full_frag_TERMINAL		sample1_IGR_full_frag	ACGTCGAGCNGCTAGCTGA-TCGATCGACGATGCATCGGACGATCGATGCGAGCGACGATC
sample1	sample1_IGR_start	sample1_IGR_start_TERMINAL__sample1_IGR_start_CDS	unannotated	1	78	78	+	sample1_IGR_start_TERMINAL	sample1_IGR_start_CDS		sample1_IGR_start_TERMINAL__sample1_IGR_start_CDS	CGAGCTGCAGCGCATGCATTTGCATGCGTAAAAAAAAATGGGTGCATGCTGGCGACGATCTGACTGCTACGTGGCGCG
sample1	sample1_IGR_start	sample1_IGR_start_CDS	CDS	79	99	21	+	sample1_IGR_start_TERMINAL__sample1_IGR_start_CDS	sample1_IGR_start_TERMINAL	ID=IGR_start_CDS;Name=Fragmented protein 1;locus_tag=IGR_start_CDS;product=Fragmented protein 1;gene=IGR_start_CDS	sample1_IGR_start_CDS	ATGATCTCAAAGCAAGACTAG
sample1	sample1_IGR_middle	sample1_IGR_middle_CDS1	CDS	1	21	21	+	sample1_IGR_middle_TERMINAL	sample1_IGR_middle_CDS1__sample1_IGR_middle_CDS2	ID=IGR_middle_CDS1;Name=Fragmented protein 1;locus_tag=IGR_middle_CDS1;product=Fragmented protein 1;gene=IGR_middle_CDS1	sample1_IGR_middle_CDS1	ATGCGAGCGTAAGGGCATTAA
sample1	sample1_IGR_middle	sample1_IGR_middle_CDS1__sample1_IGR_middle_CDS2	unannotated	22	50	29	+	sample1_IGR_middle_CDS1	sample1_IGR_middle_CDS2		sample1_IGR_middle_CDS1__sample1_IGR_middle_CDS2	GCGATCAGCGCTGATGCGACGGCAATGTT
sample1	sample1_IGR_middle	sample1_IGR_middle_CDS2	CDS	51	71	21	+	sample1_IGR_middle_CDS1__sample1_IGR_middle_CDS2	sample1_IGR_middle_TERMINAL	ID=IGR_middle_CDS2;Name=Fragmented protein 1;locus_tag=IGR_middle_CDS2;product=Fragmented protein 1;gene=IGR_middle_CDS2	sample1_IGR_middle_CDS2	ATGCGAGCGTAAGGGCATTAA
sample1	sample1_IGR_end	sample1_IGR_end_CDS	CDS	1	21	21	+	sample1_IGR_end_TERMINAL	sample1_IGR_end_CDS__sample1_IGR_end_TERMINAL	ID=IGR_end_CDS;Name=Fragmented protein 1;locus_tag=IGR_end_CDS;product=Fragmented protein 1;gene=IGR_end_CDS	sample1_IGR_end_CDS	ATCGTGAGCTAGGTATGGTGG
sample1	sample1_IGR_end	sample1_IGR_end_CDS__sample1_IGR_end_TERMINAL	unannotated	22	99	78	+	sample1_IGR_end_CDS	sample1_IGR_end_TERMINAL		sample1_IGR_end_CDS__sample1_IGR_end_TERMINAL	GGCGATCGAGCGCATGCTCGAGGGCGACTAGCGACTAGCTACGGCGCATGCGATGCGGGGATGCGATCGATCGACTGC
sample1	sample1_CDS_middle	sample1_CDS_middle_TERMINAL__sample1_CDS_middle	unannotated	1	29	29	+	sample1_CDS_middle_TERMINAL	sample1_CDS_middle		sample1_CDS_middle_TERMINAL__sample1_CDS_middle	GGGCGACCGACCTACGCGACGCATACGCG
sample1	sample1_CDS_middle	sample1_CDS_middle	CDS	30	50	21	+	sample1_CDS_middle_TERMINAL__sample1_CDS_middle	sample1_CDS_middle__sample1_CDS_middle_TERMINAL	ID=CDS_middle;Name=Fragmented protein 1;locus_tag=CDS_middle;product=Fragmented protein 1;gene=CDS_middle	sample1_CDS_middle	ATGAGCGATATATAAGCGTGG
sample1	sample1_CDS_middle	sample1_CDS_middle__sample1_CDS_middle_TERMINAL	unannotated	51	73	23	+	sample1_CDS_middle	sample1_CDS_middle_TERMINAL		sample1_CDS_middle__sample1_CDS_middle_TERMINAL	CATCGATCGTAGTGTCGTAGCAC
sample1	sample1_multi	sample1_multi_CDS1	CDS	1	36	36	+	sample1_multi_TERMINAL	sample1_multi_CDS1__sample1_multi_CDS2	ID=multi_CDS1;Name=Fake protein 1;locus_tag=multi_CDS1;product=Fake protein 1;gene=multi_CDS1	sample1_multi_CDS1	ATGCGACGTAGCATGCAGCGCAGCTGAGCATCATAA
sample1	sample1_multi	sample1_multi_CDS1__sample1_multi_CDS2	unannotated	37	65	29	+	sample1_multi_CDS1	sample1_multi_CDS2		sample1_multi_CDS1__sample1_multi_CDS2	GGATCGATGCATCGGCGATTCACTGCATC
sample1	sample1_multi	sample1_multi_CDS2	CDS	66	101	36	+	sample1_multi_CDS1__sample1_multi_CDS2	sample1_multi_CDS2__sample1_multi_TERMINAL	ID=multi_CDS2;Name=Fake protein 1;locus_tag=multi_CDS2;product=Fake protein 1;gene=multi_CDS2	sample1_multi_CDS2	ATGCGACGTAGCATGCAGCGCAGCTGAGCATCATAA
sample1	sample1_multi	sample1_multi_CDS2__sample1_multi_TERMINAL	unannotated	102	130	29	+	sample1_multi_CDS2	sample1_multi_TERMINAL		sample1_multi_CDS2__sample1_multi_TERMINAL	GGATCGATGCATCGGCGATTCACTGCATC
sample1	sample1_snps_unique_to_sample1	sample1_snps_unique_to_sample1	CDS	1	29	29	+	sample1_snps_unique_to_sample1_TERMINAL	sample1_snps_unique_to_sample1_TERMINAL	ID=snps_unique_to_sample1;Name=SNPs unique to sample1;locus_tag=snps_unique_to_sample1;product=SNPs unique to sample1;gene=snps_unique_to_sample1	sample1_snps_unique_to_sample1	CGACGTCAGTGCAGTCGCTAACGTGGCAG
sample1	sample1_snps_shared_sample2_sample3	sample1_snps_shared_sample2_sample3	CDS	1	29	29	+	sample1_snps_shared_sample2_sample3_TERMINAL	sample1_snps_shared_sample2_sample3_TERMINAL	ID=snps_shared_sample2_sample3;Name=SNPs shared sample2 sample3;locus_tag=snps_shared_sample2_sample3;product=SNPs shared sample2 sample3;gene=snps_shared_sample2_sample3	sample1_snps_shared_sample2_sample3	TACGTAGCGCGGACTGCGTCGCAGTCGTA
sample1	sample1_snps_unique_to_sample3	sample1_snps_unique_to_sample3	CDS	1	47	47	+	sample1_snps_unique_to_sample3_TERMINAL	sample1_snps_unique_to_sample3_TERMINAL	ID=snps_unique_to_sample3;Name=SNPs unique to sample3;locus_tag=snps_unique_to_sample3;product=SNPs unique to sample3;gene=snps_unique_to_sample3	sample1_snps_unique_to_sample3	GCGCGCTTGTGCTAGCTAGGCGCGATCGATCGACGCTGCAGCATGCT
sample1	sample1_snps_unique_to_sample4	sample1_snps_unique_to_sample4	CDS	1	33	33	+	sample1_snps_unique_to_sample4_TERMINAL	sample1_snps_unique_to_sample4_TERMINAL	ID=snps_unique_to_sample4;Name=SNPs unique to sample4;locus_tag=snps_unique_to_sample4;product=SNPs unique to sample4;gene=snps_unique_to_sample4	sample1_snps_unique_to_sample4	AAGGCTACGAACGTCTGGCGGCGTAGGCATTCG
sample1	sample1_snps_close_to_indel	sample1_snps_close_to_indel	CDS	1	35	35	+	sample1_snps_close_to_indel_TERMINAL	sample1_snps_close_to_indel_TERMINAL	ID=snps_close_to_indel;Name=SNPs close to indel;locus_tag=snps_close_to_indel;product=SNPs close to indel protein;gene=snps_close_to_indel	sample1_snps_close_to_indel	ATTCTCTGCGTGCGCTATCGTAGCTAGCTATAGAC
sample1	sample1_snps_close_to_terminal	sample1_snps_close_to_terminal	CDS	1	70	70	+	sample1_snps_close_to_terminal_TERMINAL	sample1_snps_close_to_terminal_TERMINAL	ID=snps_close_to_terminal;Name=SNPs close to terminal;locus_tag=snps_close_to_terminal;product=SNPs close to terminal protein;gene=snps_close_to_terminal	sample1_snps_close_to_terminal	ACAGCGAGCATGTGCATCTCGACAGTCAACAATCATCTGACTAGCGCATGCAGCTACGCATGCATCGCTA
sample1	sample1_snps_high_density	sample1_snps_high_density	CDS	1	50	50	+	sample1_snps_high_density_TERMINAL	sample1_snps_high_density_TERMINAL	ID=snps_high_density;Name=SNPs high density;locus_tag=snps_high_density;product=SNPs high density;gene=snps_high_density	sample1_snps_high_density	TTGAGCAGCCGAAATCATCTGACTAGCGCATGCAGCTACGCATGCATCGC
sample1	sample1_snps_multiallelic	sample1_snps_multiallelic	CDS	1	30	30	+	sample1_snps_multiallelic_TERMINAL	sample1_snps_multiallelic_TERMINAL	ID=snps_multiallelic;Name=SNPs multiallelic;locus_tag=snps_multiallelic;product=SNPs multiallelic;gene=snps_multiallelic	sample1_snps_multiallelic	AGCGCTGACTGCATGCGATTACGGCATCGA
sample1	sample1_snps_ambig	sample1_snps_ambig	CDS	1	30	30	+	sample1_snps_ambig_TERMINAL	sample1_snps_ambig_TERMINAL	ID=snps_ambig;Name=SNPs ambiguous;locus_tag=snps_ambig;product=SNPs ambiguous;gene=snps_ambig	sample1_snps_ambig	CAGTACGAGCATATGGCATGACAGAGATTG
sample1	sample1_dup_gene	sample1_dup_gene.1	CDS	1	30	30	+	sample1_dup_gene_TERMINAL	sample1_dup_gene.1__sample1_dup_gene.2	ID=dup_gene;Name=Duplicate gene name 1;locus_tag=dup_gene;Duplicate gene name 1;gene=dup_gene	sample1_dup_gene.1	GACTATGCACTGCTCGCGCAGATCGTAGCG
sample1	sample1_dup_gene	sample1_dup_gene.1__sample1_dup_gene.2	unannotated	31	60	30	+	sample1_dup_gene.1	sample1_dup_gene.2		sample1_dup_gene.1__sample1_dup_gene.2	ATATTATTCGGCATCTGATGTCTGCATGTG
sample1	sample1_dup_gene	sample1_dup_gene.2	CDS	61	90	30	+	sample1_dup_gene.1__sample1_dup_gene.2	sample1_dup_gene.3	ID=dup_gene;Name=Duplicate gene name 2.1;locus_tag=dup_gene;Duplicate gene name 2.1;gene=dup_gene	sample1_dup_gene.2	TTTAGAGTGCATGTGCACGGATGCATGCAC
sample1	sample1_dup_gene	sample1_dup_gene.3	CDS	91	120	30	+	sample1_dup_gene.2	sample1_dup_gene_TERMINAL	ID=dup_gene;Name=Duplicate gene name 2.2;locus_tag=dup_gene;Duplicate gene name 2.2;gene=dup_gene	sample1_dup_gene.3	TTTAGAGTGCATGTGCACGGATGCATGCAC
sample1	sample1_dup_product	sample1_dup_product.1	CDS	1	30	30	+	sample1_dup_product_TERMINAL	sample1_dup_product.1__sample1_dup_product.2	ID=dup_product;Name=duplicate product 1;locus_tag=dup_product;product=__duplicate product_	sample1_dup_product.1	TAGCTGACGGCATTACGATCGATGCATGTG
sample1	sample1_dup_product	sample1_dup_product.1__sample1_dup_product.2	unannotated	31	60	30	+	sample1_dup_product.1	sample1_dup_product.2		sample1_dup_product.1__sample1_dup_product.2	GCTAGATCATTAGCGATCGCGCTATTACGT
sample1	sample1_dup_product	sample1_dup_product.2	CDS	61	90	30	+	sample1_dup_product.1__sample1_dup_product.2	sample1_dup_product.3	ID=dup_product;Name=duplicate product 2.1;locus_tag=dup_product;product=duplicate product	sample1_dup_product.2	TACGATCGCTCGGTACCGCGCGCGGCTGCT
sample1	sample1_dup_product	sample1_dup_product.3	CDS	91	120	30	+	sample1_dup_product.2	sample1_dup_product_TERMINAL	ID=dup_product;Name=duplicate product 2.2;locus_tag=dup_product;product=duplicate product	sample1_dup_product.3	TACGATCGCTCGGTACCGCGCGCGGCTGCT
sample1	sample1_gene_conflict	sample1_gene_conflict	CDS	1	30	30	+	sample1_gene_conflict_TERMINAL	sample1_gene_conflict_TERMINAL	ID=gene_conflict;Name=gene conflict 1;locus_tag=gene_conflict;gene=gene_conflict_1	sample1_gene_conflict	TTATATCGGCGATTCAGTTCAGATGCATTG
sample1	sample1_product_conflict	sample1_product_conflict	CDS	1	30	30	+	sample1_product_conflict_TERMINAL	sample1_product_conflict_TERMINAL	ID=product_conflict;Name=product conflict 1;locus_tag=product_conflict;product=product conflict 1	sample1_product_conflict	ATATTAATAAGGGCGGCGGCGCGATTGAGC
sample1	sample1_feature_rescue	sample1_feature_rescue	CDS	1	30	30	+	sample1_feature_rescue_TERMINAL	sample1_feature_rescue_TERMINAL	ID=feature_rescue;Name=feature rescue;locus_tag=feature_rescue;product=feature rescue;gene=feature_rescue	sample1_feature_rescue	GGCGCTGCATGATATATCGCCATCGATACT
