variant	af	filter-pvalue	lrt-pvalue	beta	beta-std-err	variant_h2	lineage	notes	-log10(p)	bonferroni	match	mismatch	score	sample1	sample2	sample3	sample4
speB|structural:1-137	5.00E-01	4.55E-02	0.00E+00	-1.00E+00	0.00E+00	1.00E+00	2	bad-chisq	100.0	0.0071428571428571435	4/4|1.0	0/4|0.0	1.0	1	1	0	0
speB|structural:1-93	5.00E-01	4.55E-02	0.00E+00	1.00E+00	0.00E+00	1.00E+00	2	bad-chisq	100.0	0.0071428571428571435	4/4|1.0	0/4|0.0	1.0	0	0	1	1
speB|structural:94-137	5.00E-01	4.55E-02	0.00E+00	1.00E+00	0.00E+00	1.00E+00	2	bad-chisq	100.0	0.0071428571428571435	4/4|1.0	0/4|0.0	1.0	0	0	1	1
speB|snp:G93T	5.00E-01	4.55E-02	0.00E+00	-1.00E+00	0.00E+00	1.00E+00	2	bad-chisq	100.0	0.0071428571428571435	4/4|1.0	0/4|0.0	1.0	1	1	0	0
speM|presence_absence	5.00E-01	4.55E-02	0.00E+00	1.00E+00	0.00E+00	1.00E+00	2	bad-chisq	100.0	0.0071428571428571435	4/4|1.0	0/4|0.0	1.0	0	0	1	1
TERMINAL__IGR_start_CDS|structural:7-78	2.50E-01	2.48E-01	4.23E-01	-6.67E-01	6.67E-01	5.77E-01	2	bad-chisq	0.37365963262495766	0.0071428571428571435	3/4|0.75	1/4|0.25	0.5	0	1	0	0
IGR_start_CDS|structural:1-21|2X	2.50E-01	2.48E-01	4.23E-01	-6.67E-01	6.67E-01	5.77E-01	2	bad-chisq	0.37365963262495766	0.0071428571428571435	3/4|0.75	1/4|0.25	0.5	0	1	0	0
pim|structural:1-426	7.50E-01	2.48E-01	4.23E-01	6.67E-01	6.67E-01	5.77E-01	2	bad-chisq	0.37365963262495766	0.0071428571428571435	3/4|0.75	1/4|0.25	0.5	1	0	1	1
pim|structural:1-231	2.50E-01	2.48E-01	4.23E-01	-6.67E-01	6.67E-01	5.77E-01	2	bad-chisq	0.37365963262495766	0.0071428571428571435	3/4|0.75	1/4|0.25	0.5	0	1	0	0
pim|structural:234-303	2.50E-01	2.48E-01	4.23E-01	-6.67E-01	6.67E-01	5.77E-01	2	bad-chisq	0.37365963262495766	0.0071428571428571435	3/4|0.75	1/4|0.25	0.5	0	1	0	0
pim|structural:304-390	2.50E-01	2.48E-01	4.23E-01	-6.67E-01	6.67E-01	5.77E-01	2	bad-chisq	0.37365963262495766	0.0071428571428571435	3/4|0.75	1/4|0.25	0.5	0	1	0	0
pim|structural:391-424	2.50E-01	2.48E-01	4.23E-01	-6.67E-01	6.67E-01	5.77E-01	2	bad-chisq	0.37365963262495766	0.0071428571428571435	3/4|0.75	1/4|0.25	0.5	0	1	0	0
pim|snp:C230G	2.50E-01	2.48E-01	4.23E-01	-6.67E-01	6.67E-01	5.77E-01	2	bad-chisq	0.37365963262495766	0.0071428571428571435	3/4|0.75	1/4|0.25	0.5	0	1	0	0
pim|snp:A306G	2.50E-01	2.48E-01	4.23E-01	-6.67E-01	6.67E-01	5.77E-01	2	bad-chisq	0.37365963262495766	0.0071428571428571435	3/4|0.75	1/4|0.25	0.5	0	1	0	0
pim|snp:A388T	2.50E-01	2.48E-01	4.23E-01	-6.67E-01	6.67E-01	5.77E-01	2	bad-chisq	0.37365963262495766	0.0071428571428571435	3/4|0.75	1/4|0.25	0.5	0	1	0	0
Cluster_6|structural:1-60	2.50E-01	2.48E-01	4.23E-01	-6.67E-01	6.67E-01	5.77E-01	2	bad-chisq	0.37365963262495766	0.0071428571428571435	3/4|0.75	1/4|0.25	0.5	1	0	0	0
Cluster_6|structural:1-40	2.50E-01	2.48E-01	4.23E-01	6.67E-01	6.67E-01	5.77E-01	2	bad-chisq	0.37365963262495766	0.0071428571428571435	3/4|0.75	1/4|0.25	0.5	0	0	0	1
speG|structural:1-561	2.50E-01	2.48E-01	4.23E-01	6.67E-01	6.67E-01	5.77E-01	2	bad-chisq	0.37365963262495766	0.0071428571428571435	3/4|0.75	1/4|0.25	0.5	0	0	0	1
speG|structural:1-280	2.50E-01	2.48E-01	4.23E-01	-6.67E-01	6.67E-01	5.77E-01	2	bad-chisq	0.37365963262495766	0.0071428571428571435	3/4|0.75	1/4|0.25	0.5	1	0	0	0
snps_unique_to_sample4|snp:A10T	2.50E-01	2.48E-01	4.23E-01	6.67E-01	6.67E-01	5.77E-01	2	bad-chisq	0.37365963262495766	0.0071428571428571435	3/4|0.75	1/4|0.25	0.5	0	0	0	1
snps_unique_to_sample4|snp:G20C	2.50E-01	2.48E-01	4.23E-01	6.67E-01	6.67E-01	5.77E-01	2	bad-chisq	0.37365963262495766	0.0071428571428571435	3/4|0.75	1/4|0.25	0.5	0	0	0	1
snps_unique_to_sample1|snp:A10T	2.50E-01	2.48E-01	4.23E-01	-6.67E-01	6.67E-01	5.77E-01	2	bad-chisq	0.37365963262495766	0.0071428571428571435	3/4|0.75	1/4|0.25	0.5	1	0	0	0
snps_unique_to_sample1|snp:T20A	2.50E-01	2.48E-01	4.23E-01	-6.67E-01	6.67E-01	5.77E-01	2	bad-chisq	0.37365963262495766	0.0071428571428571435	3/4|0.75	1/4|0.25	0.5	1	0	0	0
snps_unique_to_sample3|snp:T10C	2.50E-01	2.48E-01	4.23E-01	6.67E-01	6.67E-01	5.77E-01	2	bad-chisq	0.37365963262495766	0.0071428571428571435	3/4|0.75	1/4|0.25	0.5	0	0	1	0
smeZ|presence_absence	2.50E-01	2.48E-01	4.23E-01	6.67E-01	6.67E-01	5.77E-01	2	bad-chisq	0.37365963262495766	0.0071428571428571435	3/4|0.75	1/4|0.25	0.5	0	0	0	1
