JnKVXNuJkuuT90YnZ6NS8A==
JnKVXNuJkuuT90YnZ6NS8A==
JnKVXNuJkuuT90YnZ6NS8A==
N28nWiqhVnGQhq5+eRTdkQ==
N28nWiqhVnGQhq5+eRTdkQ==
ZN54cFg89Cbvnj6eIKZBJA==
c3hErPyFecHE5OhAPudGFQ==
c3hErPyFecHE5OhAPudGFQ==
c3hErPyFecHE5OhAPudGFQ==
c3hErPyFecHE5OhAPudGFQ==
c3hErPyFecHE5OhAPudGFQ==
c3hErPyFecHE5OhAPudGFQ==
c3hErPyFecHE5OhAPudGFQ==
c3hErPyFecHE5OhAPudGFQ==
c3hErPyFecHE5OhAPudGFQ==
gprdySKlB6A2lksms5wtig==
gprdySKlB6A2lksms5wtig==
gprdySKlB6A2lksms5wtig==
gprdySKlB6A2lksms5wtig==
gprdySKlB6A2lksms5wtig==
h/c/93zRz6wlUWPGoTJdQA==
s5rG4qp+N1w4unrpIbW6iQ==
s5rG4qp+N1w4unrpIbW6iQ==
s5rG4qp+N1w4unrpIbW6iQ==
s5rG4qp+N1w4unrpIbW6iQ==
