variant	af	filter-pvalue	lrt-pvalue	beta	beta-std-err	variant_h2	lineage	notes	-log10(p)	bonferroni	match	mismatch	score	sample1	sample2	sample3	sample4
